Archive member included because of file (symbol)

../../../../lib/ksdk_platform_lib/armgcc/KL03Z4/release/libksdk_platform.a(fsl_os_abstraction_bm.c.obj)
                              CMakeFiles/Warp.dir/Users/admin/GitHub_Repo/Warp-firmware/build/ksdk1.1/work/demos/Warp/src/warp-kl03-ksdk1.1-boot.c.obj (OSA_TimeDelay)
../../../../lib/ksdk_platform_lib/armgcc/KL03Z4/release/libksdk_platform.a(fsl_clock_manager.c.obj)
                              CMakeFiles/Warp.dir/Users/admin/GitHub_Repo/Warp-firmware/build/ksdk1.1/work/demos/Warp/src/warp-kl03-ksdk1.1-boot.c.obj (CLOCK_SYS_Init)
../../../../lib/ksdk_platform_lib/armgcc/KL03Z4/release/libksdk_platform.a(fsl_clock_MKL03Z4.c.obj)
                              ../../../../lib/ksdk_platform_lib/armgcc/KL03Z4/release/libksdk_platform.a(fsl_clock_manager.c.obj) (CLOCK_SYS_SetConfiguration)
../../../../lib/ksdk_platform_lib/armgcc/KL03Z4/release/libksdk_platform.a(fsl_interrupt_manager.c.obj)
                              ../../../../lib/ksdk_platform_lib/armgcc/KL03Z4/release/libksdk_platform.a(fsl_os_abstraction_bm.c.obj) (INT_SYS_InstallHandler)
../../../../lib/ksdk_platform_lib/armgcc/KL03Z4/release/libksdk_platform.a(fsl_power_manager.c.obj)
                              CMakeFiles/Warp.dir/Users/admin/GitHub_Repo/Warp-firmware/build/ksdk1.1/work/demos/Warp/src/warp-kl03-ksdk1.1-boot.c.obj (POWER_SYS_Init)
../../../../lib/ksdk_platform_lib/armgcc/KL03Z4/release/libksdk_platform.a(fsl_gpio_driver.c.obj)
                              ../../../../lib/ksdk_platform_lib/armgcc/KL03Z4/release/libksdk_platform.a(fsl_power_manager.c.obj) (GPIO_DRV_InputPinInit)
../../../../lib/ksdk_platform_lib/armgcc/KL03Z4/release/libksdk_platform.a(fsl_i2c_shared_function.c.obj)
                              CMakeFiles/Warp.dir/Users/admin/GitHub_Repo/Warp-firmware/build/ksdk1.1/work/platform/drivers/src/i2c/fsl_i2c_irq.c.obj (I2C_DRV_IRQHandler)
../../../../lib/ksdk_platform_lib/armgcc/KL03Z4/release/libksdk_platform.a(fsl_i2c_common.c.obj)
                              ../../../../lib/ksdk_platform_lib/armgcc/KL03Z4/release/libksdk_platform.a(fsl_i2c_shared_function.c.obj) (g_i2cBaseAddr)
../../../../lib/ksdk_platform_lib/armgcc/KL03Z4/release/libksdk_platform.a(fsl_i2c_master_driver.c.obj)
                              CMakeFiles/Warp.dir/Users/admin/GitHub_Repo/Warp-firmware/build/ksdk1.1/work/demos/Warp/src/warp-kl03-ksdk1.1-boot.c.obj (I2C_DRV_MasterInit)
../../../../lib/ksdk_platform_lib/armgcc/KL03Z4/release/libksdk_platform.a(fsl_i2c_slave_driver.c.obj)
                              ../../../../lib/ksdk_platform_lib/armgcc/KL03Z4/release/libksdk_platform.a(fsl_i2c_shared_function.c.obj) (I2C_DRV_SlaveIRQHandler)
../../../../lib/ksdk_platform_lib/armgcc/KL03Z4/release/libksdk_platform.a(fsl_llwu_hal.c.obj)
                              ../../../../lib/ksdk_platform_lib/armgcc/KL03Z4/release/libksdk_platform.a(fsl_power_manager.c.obj) (LLWU_HAL_SetExternalInputPinMode)
../../../../lib/ksdk_platform_lib/armgcc/KL03Z4/release/libksdk_platform.a(fsl_lpuart_driver.c.obj)
                              CMakeFiles/Warp.dir/Users/admin/GitHub_Repo/Warp-firmware/build/ksdk1.1/work/demos/Warp/src/warp-kl03-ksdk1.1-boot.c.obj (LPUART_DRV_Init)
../../../../lib/ksdk_platform_lib/armgcc/KL03Z4/release/libksdk_platform.a(fsl_lpuart_common.c.obj)
                              ../../../../lib/ksdk_platform_lib/armgcc/KL03Z4/release/libksdk_platform.a(fsl_lpuart_driver.c.obj) (g_lpuartRxTxIrqId)
../../../../lib/ksdk_platform_lib/armgcc/KL03Z4/release/libksdk_platform.a(fsl_mcglite_hal.c.obj)
                              ../../../../lib/ksdk_platform_lib/armgcc/KL03Z4/release/libksdk_platform.a(fsl_clock_MKL03Z4.c.obj) (CLOCK_HAL_GetInternalRefClk)
../../../../lib/ksdk_platform_lib/armgcc/KL03Z4/release/libksdk_platform.a(fsl_mcglite_hal_modes.c.obj)
                              ../../../../lib/ksdk_platform_lib/armgcc/KL03Z4/release/libksdk_platform.a(fsl_power_manager.c.obj) (CLOCK_HAL_GetMode)
../../../../lib/ksdk_platform_lib/armgcc/KL03Z4/release/libksdk_platform.a(fsl_osc_hal.c.obj)
                              ../../../../lib/ksdk_platform_lib/armgcc/KL03Z4/release/libksdk_platform.a(fsl_clock_MKL03Z4.c.obj) (OSC_HAL_SetExternalRefClkCmd)
../../../../lib/ksdk_platform_lib/armgcc/KL03Z4/release/libksdk_platform.a(fsl_rtc_hal.c.obj)
                              CMakeFiles/Warp.dir/Users/admin/GitHub_Repo/Warp-firmware/build/ksdk1.1/work/demos/Warp/src/warp-kl03-ksdk1.1-powermodes.c.obj (RTC_HAL_ConvertSecsToDatetime)
../../../../lib/ksdk_platform_lib/armgcc/KL03Z4/release/libksdk_platform.a(fsl_rtc_driver.c.obj)
                              CMakeFiles/Warp.dir/Users/admin/GitHub_Repo/Warp-firmware/build/ksdk1.1/work/demos/Warp/src/warp-kl03-ksdk1.1-boot.c.obj (RTC_DRV_Init)
../../../../lib/ksdk_platform_lib/armgcc/KL03Z4/release/libksdk_platform.a(fsl_rtc_common.c.obj)
[...]
Memory Configuration

Name             Origin             Length             Attributes
m_interrupts     0x0000000000000000 0x0000000000000100 xr
m_flash_config   0x0000000000000400 0x0000000000000010 xr
m_text           0x0000000000000410 0x0000000000007bf0 xr
m_data           0x000000001ffffe00 0x0000000000000800 rw
*default*        0x0000000000000000 0xffffffffffffffff

Linker script and memory map

LOAD /Users/admin/bare-metal-arm/gcc-arm-none-eabi-4_8-2014q1/bin/../lib/gcc/arm-none-eabi/4.8.3/armv6-m/crti.o
LOAD /Users/admin/bare-metal-arm/gcc-arm-none-eabi-4_8-2014q1/bin/../lib/gcc/arm-none-eabi/4.8.3/armv6-m/crtbegin.o
LOAD /Users/admin/bare-metal-arm/gcc-arm-none-eabi-4_8-2014q1/bin/../lib/gcc/arm-none-eabi/4.8.3/../../../../arm-none-eabi/lib/armv6-m/crt0.o
LOAD /Users/admin/bare-metal-arm/gcc-arm-none-eabi-4_8-2014q1/bin/../lib/gcc/arm-none-eabi/4.8.3/../../../../arm-none-eabi/lib/armv6-m/libm.a
                0x0000000000000300                __stack_size__ = 0x300
                0x0000000000000000                __heap_size__ = 0x0
LOAD CMakeFiles/Warp.dir/Users/admin/GitHub_Repo/Warp-firmware/build/ksdk1.1/work/platform/utilities/src/fsl_misc_utilities.c.obj
LOAD CMakeFiles/Warp.dir/Users/admin/GitHub_Repo/Warp-firmware/build/ksdk1.1/work/platform/startup/MKL03Z4/gcc/startup_MKL03Z4.S.obj
LOAD CMakeFiles/Warp.dir/Users/admin/GitHub_Repo/Warp-firmware/build/ksdk1.1/work/demos/Warp/src/warp-kl03-ksdk1.1-boot.c.obj
LOAD CMakeFiles/Warp.dir/Users/admin/GitHub_Repo/Warp-firmware/build/ksdk1.1/work/demos/Warp/src/warp-kl03-ksdk1.1-powermodes.c.obj
LOAD CMakeFiles/Warp.dir/Users/admin/GitHub_Repo/Warp-firmware/build/ksdk1.1/work/demos/Warp/src/devBMX055.c.obj
LOAD CMakeFiles/Warp.dir/Users/admin/GitHub_Repo/Warp-firmware/build/ksdk1.1/work/demos/Warp/src/devMMA8451Q.c.obj
LOAD CMakeFiles/Warp.dir/Users/admin/GitHub_Repo/Warp-firmware/build/ksdk1.1/work/demos/Warp/src/devHDC1000.c.obj
LOAD CMakeFiles/Warp.dir/Users/admin/GitHub_Repo/Warp-firmware/build/ksdk1.1/work/demos/Warp/src/devMAG3110.c.obj
LOAD CMakeFiles/Warp.dir/Users/admin/GitHub_Repo/Warp-firmware/build/ksdk1.1/work/demos/Warp/src/devL3GD20H.c.obj
LOAD CMakeFiles/Warp.dir/Users/admin/GitHub_Repo/Warp-firmware/build/ksdk1.1/work/demos/Warp/src/devBME680.c.obj
LOAD CMakeFiles/Warp.dir/Users/admin/GitHub_Repo/Warp-firmware/build/ksdk1.1/work/demos/Warp/src/devCCS811.c.obj
LOAD CMakeFiles/Warp.dir/Users/admin/GitHub_Repo/Warp-firmware/build/ksdk1.1/work/demos/Warp/src/devAMG8834.c.obj
LOAD CMakeFiles/Warp.dir/Users/admin/GitHub_Repo/Warp-firmware/build/ksdk1.1/work/demos/Warp/src/SEGGER_RTT.c.obj
LOAD CMakeFiles/Warp.dir/Users/admin/GitHub_Repo/Warp-firmware/build/ksdk1.1/work/demos/Warp/src/SEGGER_RTT_printf.c.obj
LOAD CMakeFiles/Warp.dir/Users/admin/GitHub_Repo/Warp-firmware/build/ksdk1.1/work/platform/drivers/src/i2c/fsl_i2c_irq.c.obj
LOAD CMakeFiles/Warp.dir/Users/admin/GitHub_Repo/Warp-firmware/build/ksdk1.1/work/platform/drivers/src/spi/fsl_spi_irq.c.obj
LOAD CMakeFiles/Warp.dir/Users/admin/GitHub_Repo/Warp-firmware/build/ksdk1.1/work/platform/startup/MKL03Z4/system_MKL03Z4.c.obj
LOAD CMakeFiles/Warp.dir/Users/admin/GitHub_Repo/Warp-firmware/build/ksdk1.1/work/platform/startup/startup.c.obj
LOAD CMakeFiles/Warp.dir/Users/admin/GitHub_Repo/Warp-firmware/build/ksdk1.1/work/boards/Warp/gpio_pins.c.obj
LOAD CMakeFiles/Warp.dir/Users/admin/GitHub_Repo/Warp-firmware/build/ksdk1.1/work/demos/Warp/src/devSSD1331.c.obj
LOAD CMakeFiles/Warp.dir/Users/admin/GitHub_Repo/Warp-firmware/build/ksdk1.1/work/demos/Warp/src/devMAX11300.c.obj
START GROUP
LOAD ../../../../lib/ksdk_platform_lib/armgcc/KL03Z4/release/libksdk_platform.a
LOAD /Users/admin/bare-metal-arm/gcc-arm-none-eabi-4_8-2014q1/bin/../lib/gcc/arm-none-eabi/4.8.3/../../../../arm-none-eabi/lib/armv6-m/libm.a
LOAD /Users/admin/bare-metal-arm/gcc-arm-none-eabi-4_8-2014q1/bin/../lib/gcc/arm-none-eabi/4.8.3/../../../../arm-none-eabi/lib/armv6-m/libc_s.a
LOAD /Users/admin/bare-metal-arm/gcc-arm-none-eabi-4_8-2014q1/bin/../lib/gcc/arm-none-eabi/4.8.3/armv6-m/libgcc.a
LOAD /Users/admin/bare-metal-arm/gcc-arm-none-eabi-4_8-2014q1/bin/../lib/gcc/arm-none-eabi/4.8.3/../../../../arm-none-eabi/lib/armv6-m/libnosys.a
END GROUP
START GROUP
LOAD /Users/admin/bare-metal-arm/gcc-arm-none-eabi-4_8-2014q1/bin/../lib/gcc/arm-none-eabi/4.8.3/armv6-m/libgcc.a
LOAD /Users/admin/bare-metal-arm/gcc-arm-none-eabi-4_8-2014q1/bin/../lib/gcc/arm-none-eabi/4.8.3/../../../../arm-none-eabi/lib/armv6-m/libc_s.a
END GROUP
START GROUP
LOAD /Users/admin/bare-metal-arm/gcc-arm-none-eabi-4_8-2014q1/bin/../lib/gcc/arm-none-eabi/4.8.3/armv6-m/libgcc.a
LOAD /Users/admin/bare-metal-arm/gcc-arm-none-eabi-4_8-2014q1/bin/../lib/gcc/arm-none-eabi/4.8.3/../../../../arm-none-eabi/lib/armv6-m/libc_s.a
END GROUP
LOAD /Users/admin/bare-metal-arm/gcc-arm-none-eabi-4_8-2014q1/bin/../lib/gcc/arm-none-eabi/4.8.3/armv6-m/crtend.o
LOAD /Users/admin/bare-metal-arm/gcc-arm-none-eabi-4_8-2014q1/bin/../lib/gcc/arm-none-eabi/4.8.3/armv6-m/crtn.o
                0x0000000000000200                HEAP_SIZE = DEFINED (__heap_size__)?__heap_size__:0x200
                0x0000000000000050                STACK_SIZE = DEFINED (__stack_size__)?__stack_size__:0x50
                0x0000000000000000                M_VECTOR_RAM_SIZE = DEFINED (__ram_vector_table__)?0x100:0x0

.interrupts     0x0000000000000000       0xc0
                0x0000000000000000                __VECTOR_TABLE = .
                0x0000000000000000                . = ALIGN (0x4)
 *(.isr_vector)
 .isr_vector    0x0000000000000000       0xc0 CMakeFiles/Warp.dir/Users/admin/GitHub_Repo/Warp-firmware/build/ksdk1.1/work/platform/startup/MKL03Z4/gcc/startup_MKL03Z4.S.obj
                0x0000000000000000                __isr_vector
                0x00000000000000c0                . = ALIGN (0x4)

.flash_config   0x0000000000000400       0x10
                0x0000000000000400                . = ALIGN (0x4)
 *(.FlashConfig)
 .FlashConfig   0x0000000000000400       0x10 CMakeFiles/Warp.dir/Users/admin/GitHub_Repo/Warp-firmware/build/ksdk1.1/work/platform/startup/MKL03Z4/gcc/startup_MKL03Z4.S.obj
                0x0000000000000410                . = ALIGN (0x4)

.text           0x0000000000000410     0x69ec
                0x0000000000000410                . = ALIGN (0x4)
 *(.text)
 .text          0x0000000000000410       0x60 /Users/admin/bare-metal-arm/gcc-arm-none-eabi-4_8-2014q1/bin/../lib/gcc/arm-none-eabi/4.8.3/armv6-m/crtbegin.o
 .text          0x0000000000000470       0x78 /Users/admin/bare-metal-arm/gcc-arm-none-eabi-4_8-2014q1/bin/../lib/gcc/arm-none-eabi/4.8.3/../../../../arm-none-eabi/lib/armv6-m/crt0.o
                0x0000000000000470                _mainCRTStartup
                0x0000000000000470                _start
 .text          0x00000000000004e8       0x30 CMakeFiles/Warp.dir/Users/admin/GitHub_Repo/Warp-firmware/build/ksdk1.1/work/platform/startup/MKL03Z4/gcc/startup_MKL03Z4.S.obj
                0x00000000000004e8                Reset_Handler
                0x0000000000000510                Reserved16_IRQHandler
                0x0000000000000510                HardFault_Handler
                0x0000000000000510                SysTick_Handler
                0x0000000000000510                PendSV_Handler
                0x0000000000000510                NMI_Handler
                0x0000000000000510                Reserved19_IRQHandler
                0x0000000000000510                Reserved29_IRQHandler
                0x0000000000000510                TPM0_IRQHandler
                0x0000000000000510                LLWU_IRQHandler
                0x0000000000000510                Reserved42_IRQHandler
                0x0000000000000510                ADC0_IRQHandler
                0x0000000000000510                Reserved39_IRQHandler
                0x0000000000000510                DefaultISR
                0x0000000000000510                Reserved25_IRQHandler
                0x0000000000000510                PORTB_IRQHandler
                0x0000000000000510                Reserved43_IRQHandler
                0x0000000000000510                Reserved27_IRQHandler
                0x0000000000000510                Reserved35_IRQHandler
                0x0000000000000510                Reserved20_IRQHandler
                0x0000000000000510                Reserved17_IRQHandler
                0x0000000000000510                Reserved41_IRQHandler
                0x0000000000000510                SVC_Handler
                0x0000000000000510                LPUART0_IRQHandler
                0x0000000000000510                Reserved45_IRQHandler
                0x0000000000000510                Reserved30_IRQHandler
                0x0000000000000510                PMC_IRQHandler
                0x0000000000000510                TPM1_IRQHandler
                0x0000000000000510                PORTA_IRQHandler
                0x0000000000000510                FTFA_IRQHandler
                0x0000000000000510                Reserved40_IRQHandler
                0x0000000000000510                Reserved38_IRQHandler
                0x0000000000000510                LPTMR0_IRQHandler
                0x0000000000000510                Reserved18_IRQHandler
                0x0000000000000510                CMP0_IRQHandler
 .text          0x0000000000000518       0x14 /Users/admin/bare-metal-arm/gcc-arm-none-eabi-4_8-2014q1/bin/../lib/gcc/arm-none-eabi/4.8.3/armv6-m/libgcc.a(_thumb1_case_uqi.o)
                0x0000000000000518                __gnu_thumb1_case_uqi
 .text          0x000000000000052c       0x9c /Users/admin/bare-metal-arm/gcc-arm-none-eabi-4_8-2014q1/bin/../lib/gcc/arm-none-eabi/4.8.3/armv6-m/libgcc.a(_udivsi3.o)
                0x000000000000052c                __udivsi3
                0x000000000000052c                __aeabi_uidiv
                0x00000000000005b4                __aeabi_uidivmod
 .text          0x00000000000005c8       0xc0 /Users/admin/bare-metal-arm/gcc-arm-none-eabi-4_8-2014q1/bin/../lib/gcc/arm-none-eabi/4.8.3/armv6-m/libgcc.a(_divsi3.o)
                0x00000000000005c8                __aeabi_idiv
                0x00000000000005c8                __divsi3
                0x0000000000000674                __aeabi_idivmod
 .text          0x0000000000000688        0x4 /Users/admin/bare-metal-arm/gcc-arm-none-eabi-4_8-2014q1/bin/../lib/gcc/arm-none-eabi/4.8.3/armv6-m/libgcc.a(_dvmd_tls.o)
                0x0000000000000688                __aeabi_ldiv0
                0x0000000000000688                __aeabi_idiv0
 .text          0x000000000000068c      0x24c /Users/admin/bare-metal-arm/gcc-arm-none-eabi-4_8-2014q1/bin/../lib/gcc/arm-none-eabi/4.8.3/armv6-m/libgcc.a(divsf3.o)
                0x000000000000068c                __aeabi_fdiv
 .text          0x00000000000008d8      0x254 /Users/admin/bare-metal-arm/gcc-arm-none-eabi-4_8-2014q1/bin/../lib/gcc/arm-none-eabi/4.8.3/armv6-m/libgcc.a(mulsf3.o)
                0x00000000000008d8                __aeabi_fmul
 .text          0x0000000000000b2c       0x40 /Users/admin/bare-metal-arm/gcc-arm-none-eabi-4_8-2014q1/bin/../lib/gcc/arm-none-eabi/4.8.3/armv6-m/libgcc.a(fixsfsi.o)
                0x0000000000000b2c                __aeabi_f2iz
 .text          0x0000000000000b6c       0xb8 /Users/admin/bare-metal-arm/gcc-arm-none-eabi-4_8-2014q1/bin/../lib/gcc/arm-none-eabi/4.8.3/armv6-m/libgcc.a(floatsisf.o)
                0x0000000000000b6c                __aeabi_i2f
 .text          0x0000000000000c24       0x3c /Users/admin/bare-metal-arm/gcc-arm-none-eabi-4_8-2014q1/bin/../lib/gcc/arm-none-eabi/4.8.3/armv6-m/libgcc.a(_clzsi2.o)
                0x0000000000000c24                __clzsi2
 *(.text*)
 .text.clockManagerCallbackRoutine
                0x0000000000000c60        0xc CMakeFiles/Warp.dir/Users/admin/GitHub_Repo/Warp-firmware/build/ksdk1.1/work/demos/Warp/src/warp-kl03-ksdk1.1-boot.c.obj
                0x0000000000000c60                clockManagerCallbackRoutine
 .text.callback0
                0x0000000000000c6c       0x14 CMakeFiles/Warp.dir/Users/admin/GitHub_Repo/Warp-firmware/build/ksdk1.1/work/demos/Warp/src/warp-kl03-ksdk1.1-boot.c.obj
                0x0000000000000c6c                callback0
 .text.RTC_IRQHandler
                0x0000000000000c80       0x16 CMakeFiles/Warp.dir/Users/admin/GitHub_Repo/Warp-firmware/build/ksdk1.1/work/demos/Warp/src/warp-kl03-ksdk1.1-boot.c.obj
                0x0000000000000c80                RTC_IRQHandler
 *fill*         0x0000000000000c96        0x2 
 .text.RTC_Seconds_IRQHandler
                0x0000000000000c98       0x10 CMakeFiles/Warp.dir/Users/admin/GitHub_Repo/Warp-firmware/build/ksdk1.1/work/demos/Warp/src/warp-kl03-ksdk1.1-boot.c.obj
                0x0000000000000c98                RTC_Seconds_IRQHandler
 .text.enableSPIpins
                0x0000000000000ca8       0x5c CMakeFiles/Warp.dir/Users/admin/GitHub_Repo/Warp-firmware/build/ksdk1.1/work/demos/Warp/src/warp-kl03-ksdk1.1-boot.c.obj
                0x0000000000000ca8                enableSPIpins
 .text.disableSPIpins
                0x0000000000000d04       0x40 CMakeFiles/Warp.dir/Users/admin/GitHub_Repo/Warp-firmware/build/ksdk1.1/work/demos/Warp/src/warp-kl03-ksdk1.1-boot.c.obj
                0x0000000000000d04                disableSPIpins
 .text.enableI2Cpins
                0x0000000000000d44       0x2c CMakeFiles/Warp.dir/Users/admin/GitHub_Repo/Warp-firmware/build/ksdk1.1/work/demos/Warp/src/warp-kl03-ksdk1.1-boot.c.obj
                0x0000000000000d44                enableI2Cpins
 .text.disableI2Cpins
                0x0000000000000d70       0x34 CMakeFiles/Warp.dir/Users/admin/GitHub_Repo/Warp-firmware/build/ksdk1.1/work/demos/Warp/src/warp-kl03-ksdk1.1-boot.c.obj
                0x0000000000000d70                disableI2Cpins
 .text.lowPowerPinStates
                0x0000000000000da4      0x12c CMakeFiles/Warp.dir/Users/admin/GitHub_Repo/Warp-firmware/build/ksdk1.1/work/demos/Warp/src/warp-kl03-ksdk1.1-boot.c.obj
                0x0000000000000da4                lowPowerPinStates
 .text.disableTPS82740A
                0x0000000000000ed0        0xa CMakeFiles/Warp.dir/Users/admin/GitHub_Repo/Warp-firmware/build/ksdk1.1/work/demos/Warp/src/warp-kl03-ksdk1.1-boot.c.obj
                0x0000000000000ed0                disableTPS82740A
 .text.disableTPS82740B
                0x0000000000000eda        0xa CMakeFiles/Warp.dir/Users/admin/GitHub_Repo/Warp-firmware/build/ksdk1.1/work/demos/Warp/src/warp-kl03-ksdk1.1-boot.c.obj
                0x0000000000000eda                disableTPS82740B
 .text.setTPS82740CommonControlLines
                0x0000000000000ee4      0x120 CMakeFiles/Warp.dir/Users/admin/GitHub_Repo/Warp-firmware/build/ksdk1.1/work/demos/Warp/src/warp-kl03-ksdk1.1-boot.c.obj
                0x0000000000000ee4                setTPS82740CommonControlLines
 .text.enableTPS82740A
                0x0000000000001004       0x1c CMakeFiles/Warp.dir/Users/admin/GitHub_Repo/Warp-firmware/build/ksdk1.1/work/demos/Warp/src/warp-kl03-ksdk1.1-boot.c.obj
                0x0000000000001004                enableTPS82740A
 .text.enableTPS82740B
                0x0000000000001020       0x1c CMakeFiles/Warp.dir/Users/admin/GitHub_Repo/Warp-firmware/build/ksdk1.1/work/demos/Warp/src/warp-kl03-ksdk1.1-boot.c.obj
                0x0000000000001020                enableTPS82740B
 .text.enableSssupply
                0x000000000000103c       0x44 CMakeFiles/Warp.dir/Users/admin/GitHub_Repo/Warp-firmware/build/ksdk1.1/work/demos/Warp/src/warp-kl03-ksdk1.1-boot.c.obj
                0x000000000000103c                enableSssupply
 .text.disableSssupply
                0x0000000000001080       0x20 CMakeFiles/Warp.dir/Users/admin/GitHub_Repo/Warp-firmware/build/ksdk1.1/work/demos/Warp/src/warp-kl03-ksdk1.1-boot.c.obj
                0x0000000000001080                disableSssupply
 .text.warpLowPowerSecondsSleep
                0x00000000000010a0       0x1e CMakeFiles/Warp.dir/Users/admin/GitHub_Repo/Warp-firmware/build/ksdk1.1/work/demos/Warp/src/warp-kl03-ksdk1.1-boot.c.obj
                0x00000000000010a0                warpLowPowerSecondsSleep
 .text.sleepUntilReset
                0x00000000000010be       0x14 CMakeFiles/Warp.dir/Users/admin/GitHub_Repo/Warp-firmware/build/ksdk1.1/work/demos/Warp/src/warp-kl03-ksdk1.1-boot.c.obj
                0x00000000000010be                sleepUntilReset
 *fill*         0x00000000000010d2        0x2 
 .text.printAllSensors
                0x00000000000010d4       0x80 CMakeFiles/Warp.dir/Users/admin/GitHub_Repo/Warp-firmware/build/ksdk1.1/work/demos/Warp/src/warp-kl03-ksdk1.1-boot.c.obj
                0x00000000000010d4                printAllSensors
 .text.char2int
                0x0000000000001154       0x22 CMakeFiles/Warp.dir/Users/admin/GitHub_Repo/Warp-firmware/build/ksdk1.1/work/demos/Warp/src/warp-kl03-ksdk1.1-boot.c.obj
                0x0000000000001154                char2int
 .text.readHexByte
                0x0000000000001176       0x2a CMakeFiles/Warp.dir/Users/admin/GitHub_Repo/Warp-firmware/build/ksdk1.1/work/demos/Warp/src/warp-kl03-ksdk1.1-boot.c.obj
                0x0000000000001176                readHexByte
 .text.read4digits
                0x00000000000011a0       0x40 CMakeFiles/Warp.dir/Users/admin/GitHub_Repo/Warp-firmware/build/ksdk1.1/work/demos/Warp/src/warp-kl03-ksdk1.1-boot.c.obj
                0x00000000000011a0                read4digits
 .text.writeByteToI2cDeviceRegister
                0x00000000000011e0       0x44 CMakeFiles/Warp.dir/Users/admin/GitHub_Repo/Warp-firmware/build/ksdk1.1/work/demos/Warp/src/warp-kl03-ksdk1.1-boot.c.obj
                0x00000000000011e0                writeByteToI2cDeviceRegister
 .text.writeBytesToSpi
                0x0000000000001224       0x3e CMakeFiles/Warp.dir/Users/admin/GitHub_Repo/Warp-firmware/build/ksdk1.1/work/demos/Warp/src/warp-kl03-ksdk1.1-boot.c.obj
                0x0000000000001224                writeBytesToSpi
 *fill*         0x0000000000001262        0x2 
 .text.powerupAllSensors
                0x0000000000001264       0x10 CMakeFiles/Warp.dir/Users/admin/GitHub_Repo/Warp-firmware/build/ksdk1.1/work/demos/Warp/src/warp-kl03-ksdk1.1-boot.c.obj
                0x0000000000001264                powerupAllSensors
 .text.activateAllLowPowerSensorModes
                0x0000000000001274       0x34 CMakeFiles/Warp.dir/Users/admin/GitHub_Repo/Warp-firmware/build/ksdk1.1/work/demos/Warp/src/warp-kl03-ksdk1.1-boot.c.obj
                0x0000000000001274                activateAllLowPowerSensorModes
 .text.startup.main
                0x00000000000012a8      0xadc CMakeFiles/Warp.dir/Users/admin/GitHub_Repo/Warp-firmware/build/ksdk1.1/work/demos/Warp/src/warp-kl03-ksdk1.1-boot.c.obj
                0x00000000000012a8                main
 .text.setSleepRtcAlarm
                0x0000000000001d84       0x2e CMakeFiles/Warp.dir/Users/admin/GitHub_Repo/Warp-firmware/build/ksdk1.1/work/demos/Warp/src/warp-kl03-ksdk1.1-powermodes.c.obj
 *fill*         0x0000000000001db2        0x2 
 .text.gpioDisableWakeUp
                0x0000000000001db4       0x18 CMakeFiles/Warp.dir/Users/admin/GitHub_Repo/Warp-firmware/build/ksdk1.1/work/demos/Warp/src/warp-kl03-ksdk1.1-powermodes.c.obj
                0x0000000000001db4                gpioDisableWakeUp
 .text.warpSetLowPowerMode
                0x0000000000001dcc       0xec CMakeFiles/Warp.dir/Users/admin/GitHub_Repo/Warp-firmware/build/ksdk1.1/work/demos/Warp/src/warp-kl03-ksdk1.1-powermodes.c.obj
                0x0000000000001dcc                warpSetLowPowerMode
 .text._GetAvailWriteSpace
                0x0000000000001eb8       0x18 CMakeFiles/Warp.dir/Users/admin/GitHub_Repo/Warp-firmware/build/ksdk1.1/work/demos/Warp/src/SEGGER_RTT.c.obj
 .text._WriteNoCheck
                0x0000000000001ed0       0x38 CMakeFiles/Warp.dir/Users/admin/GitHub_Repo/Warp-firmware/build/ksdk1.1/work/demos/Warp/src/SEGGER_RTT.c.obj
 .text._WriteBlocking
                0x0000000000001f08       0x5a CMakeFiles/Warp.dir/Users/admin/GitHub_Repo/Warp-firmware/build/ksdk1.1/work/demos/Warp/src/SEGGER_RTT.c.obj
 *fill*         0x0000000000001f62        0x2 
 .text._DoInit  0x0000000000001f64       0x5c CMakeFiles/Warp.dir/Users/admin/GitHub_Repo/Warp-firmware/build/ksdk1.1/work/demos/Warp/src/SEGGER_RTT.c.obj
 .text.SEGGER_RTT_ReadNoLock
                0x0000000000001fc0       0x88 CMakeFiles/Warp.dir/Users/admin/GitHub_Repo/Warp-firmware/build/ksdk1.1/work/demos/Warp/src/SEGGER_RTT.c.obj
                0x0000000000001fc0                SEGGER_RTT_ReadNoLock
 .text.SEGGER_RTT_Read
                0x0000000000002048       0x1a CMakeFiles/Warp.dir/Users/admin/GitHub_Repo/Warp-firmware/build/ksdk1.1/work/demos/Warp/src/SEGGER_RTT.c.obj
                0x0000000000002048                SEGGER_RTT_Read
 *fill*         0x0000000000002062        0x2 
 .text.SEGGER_RTT_WriteNoLock
                0x0000000000002064       0x5c CMakeFiles/Warp.dir/Users/admin/GitHub_Repo/Warp-firmware/build/ksdk1.1/work/demos/Warp/src/SEGGER_RTT.c.obj
                0x0000000000002064                SEGGER_RTT_WriteNoLock
 .text.SEGGER_RTT_Write
                0x00000000000020c0       0x34 CMakeFiles/Warp.dir/Users/admin/GitHub_Repo/Warp-firmware/build/ksdk1.1/work/demos/Warp/src/SEGGER_RTT.c.obj
                0x00000000000020c0                SEGGER_RTT_Write
 .text.SEGGER_RTT_WriteString
                0x00000000000020f4       0x18 CMakeFiles/Warp.dir/Users/admin/GitHub_Repo/Warp-firmware/build/ksdk1.1/work/demos/Warp/src/SEGGER_RTT.c.obj
                0x00000000000020f4                SEGGER_RTT_WriteString
 .text.SEGGER_RTT_GetKey
                0x000000000000210c       0x1e CMakeFiles/Warp.dir/Users/admin/GitHub_Repo/Warp-firmware/build/ksdk1.1/work/demos/Warp/src/SEGGER_RTT.c.obj
                0x000000000000210c                SEGGER_RTT_GetKey
 .text.SEGGER_RTT_WaitKey
                0x000000000000212a        0xc CMakeFiles/Warp.dir/Users/admin/GitHub_Repo/Warp-firmware/build/ksdk1.1/work/demos/Warp/src/SEGGER_RTT.c.obj
                0x000000000000212a                SEGGER_RTT_WaitKey
 *fill*         0x0000000000002136        0x2 
 .text.SEGGER_RTT_ConfigUpBuffer
                0x0000000000002138       0x60 CMakeFiles/Warp.dir/Users/admin/GitHub_Repo/Warp-firmware/build/ksdk1.1/work/demos/Warp/src/SEGGER_RTT.c.obj
                0x0000000000002138                SEGGER_RTT_ConfigUpBuffer
 .text._StoreChar
                0x0000000000002198       0x3e CMakeFiles/Warp.dir/Users/admin/GitHub_Repo/Warp-firmware/build/ksdk1.1/work/demos/Warp/src/SEGGER_RTT_printf.c.obj
 *fill*         0x00000000000021d6        0x2 
 .text._PrintUnsigned
                0x00000000000021d8       0xe4 CMakeFiles/Warp.dir/Users/admin/GitHub_Repo/Warp-firmware/build/ksdk1.1/work/demos/Warp/src/SEGGER_RTT_printf.c.obj
 .text.SEGGER_RTT_vprintf
                0x00000000000022bc      0x24e CMakeFiles/Warp.dir/Users/admin/GitHub_Repo/Warp-firmware/build/ksdk1.1/work/demos/Warp/src/SEGGER_RTT_printf.c.obj
                0x00000000000022bc                SEGGER_RTT_vprintf
 .text.SEGGER_RTT_printf
                0x000000000000250a       0x1a CMakeFiles/Warp.dir/Users/admin/GitHub_Repo/Warp-firmware/build/ksdk1.1/work/demos/Warp/src/SEGGER_RTT_printf.c.obj
                0x000000000000250a                SEGGER_RTT_printf
 .text.I2C0_IRQHandler
                0x0000000000002524        0xa CMakeFiles/Warp.dir/Users/admin/GitHub_Repo/Warp-firmware/build/ksdk1.1/work/platform/drivers/src/i2c/fsl_i2c_irq.c.obj
                0x0000000000002524                I2C0_IRQHandler
 .text.SPI0_IRQHandler
                0x000000000000252e        0xa CMakeFiles/Warp.dir/Users/admin/GitHub_Repo/Warp-firmware/build/ksdk1.1/work/platform/drivers/src/spi/fsl_spi_irq.c.obj
                0x000000000000252e                SPI0_IRQHandler
 .text.SystemInit
                0x0000000000002538       0x84 CMakeFiles/Warp.dir/Users/admin/GitHub_Repo/Warp-firmware/build/ksdk1.1/work/platform/startup/MKL03Z4/system_MKL03Z4.c.obj
                0x0000000000002538                SystemInit
 .text.init_data_bss
                0x00000000000025bc       0x7c CMakeFiles/Warp.dir/Users/admin/GitHub_Repo/Warp-firmware/build/ksdk1.1/work/platform/startup/startup.c.obj
                0x00000000000025bc                init_data_bss
 .text.writeCommand
                0x0000000000002638       0x58 CMakeFiles/Warp.dir/Users/admin/GitHub_Repo/Warp-firmware/build/ksdk1.1/work/demos/Warp/src/devMAX11300.c.obj
                0x0000000000002638                writeCommand
 .text.read_ID  0x0000000000002690       0x58 CMakeFiles/Warp.dir/Users/admin/GitHub_Repo/Warp-firmware/build/ksdk1.1/work/demos/Warp/src/devMAX11300.c.obj
                0x0000000000002690                read_ID
 .text.read_1_digit
                0x00000000000026e8       0x1c CMakeFiles/Warp.dir/Users/admin/GitHub_Repo/Warp-firmware/build/ksdk1.1/work/demos/Warp/src/devMAX11300.c.obj
                0x00000000000026e8                read_1_digit
 .text.read_2_digits
                0x0000000000002704       0x2a CMakeFiles/Warp.dir/Users/admin/GitHub_Repo/Warp-firmware/build/ksdk1.1/work/demos/Warp/src/devMAX11300.c.obj
                0x0000000000002704                read_2_digits
 .text.read_4_digits
                0x000000000000272e       0x4a CMakeFiles/Warp.dir/Users/admin/GitHub_Repo/Warp-firmware/build/ksdk1.1/work/demos/Warp/src/devMAX11300.c.obj
                0x000000000000272e                read_4_digits
 .text.read_5_digits
                0x0000000000002778       0x60 CMakeFiles/Warp.dir/Users/admin/GitHub_Repo/Warp-firmware/build/ksdk1.1/work/demos/Warp/src/devMAX11300.c.obj
                0x0000000000002778                read_5_digits
 .text.assemble_Command
                0x00000000000027d8       0x16 CMakeFiles/Warp.dir/Users/admin/GitHub_Repo/Warp-firmware/build/ksdk1.1/work/demos/Warp/src/devMAX11300.c.obj
                0x00000000000027d8                assemble_Command
 *fill*         0x00000000000027ee        0x2 
 .text.SPI_Scope
                0x00000000000027f0       0x4c CMakeFiles/Warp.dir/Users/admin/GitHub_Repo/Warp-firmware/build/ksdk1.1/work/demos/Warp/src/devMAX11300.c.obj
                0x00000000000027f0                SPI_Scope
 .text.Assemble_DAC_DAT
                0x000000000000283c       0x5c CMakeFiles/Warp.dir/Users/admin/GitHub_Repo/Warp-firmware/build/ksdk1.1/work/demos/Warp/src/devMAX11300.c.obj
                0x000000000000283c                Assemble_DAC_DAT
 .text.Assemble_CONF
                0x0000000000002898       0x52 CMakeFiles/Warp.dir/Users/admin/GitHub_Repo/Warp-firmware/build/ksdk1.1/work/demos/Warp/src/devMAX11300.c.obj
                0x0000000000002898                Assemble_CONF
 .text.read_1_char
                0x00000000000028ea       0x8c CMakeFiles/Warp.dir/Users/admin/GitHub_Repo/Warp-firmware/build/ksdk1.1/work/demos/Warp/src/devMAX11300.c.obj
                0x00000000000028ea                read_1_char
 *fill*         0x0000000000002976        0x2 
 .text.devMAX11300
                0x0000000000002978      0x79c CMakeFiles/Warp.dir/Users/admin/GitHub_Repo/Warp-firmware/build/ksdk1.1/work/demos/Warp/src/devMAX11300.c.obj
                0x0000000000002978                devMAX11300
 .text.OSA_SemaCreate
                0x0000000000003114        0xe ../../../../lib/ksdk_platform_lib/armgcc/KL03Z4/release/libksdk_platform.a(fsl_os_abstraction_bm.c.obj)
                0x0000000000003114                OSA_SemaCreate
 .text.OSA_SemaPost
                0x0000000000003122       0x20 ../../../../lib/ksdk_platform_lib/armgcc/KL03Z4/release/libksdk_platform.a(fsl_os_abstraction_bm.c.obj)
                0x0000000000003122                OSA_SemaPost
 .text.OSA_SemaDestroy
                0x0000000000003142        0x4 ../../../../lib/ksdk_platform_lib/armgcc/KL03Z4/release/libksdk_platform.a(fsl_os_abstraction_bm.c.obj)
                0x0000000000003142                OSA_SemaDestroy
 .text.OSA_EventSet
                0x0000000000003146       0x18 ../../../../lib/ksdk_platform_lib/armgcc/KL03Z4/release/libksdk_platform.a(fsl_os_abstraction_bm.c.obj)
                0x0000000000003146                OSA_EventSet
 *fill*         0x000000000000315e        0x2 
 .text.task_init
                0x0000000000003160       0x38 ../../../../lib/ksdk_platform_lib/armgcc/KL03Z4/release/libksdk_platform.a(fsl_os_abstraction_bm.c.obj)
                0x0000000000003160                task_init
 .text.OSA_TimeGetMsec
                0x0000000000003198       0x10 ../../../../lib/ksdk_platform_lib/armgcc/KL03Z4/release/libksdk_platform.a(fsl_os_abstraction_bm.c.obj)
                0x0000000000003198                OSA_TimeGetMsec
 .text.OSA_SemaWait
                0x00000000000031a8       0x7a ../../../../lib/ksdk_platform_lib/armgcc/KL03Z4/release/libksdk_platform.a(fsl_os_abstraction_bm.c.obj)
                0x00000000000031a8                OSA_SemaWait
 .text.OSA_TimeDelay
                0x0000000000003222       0x22 ../../../../lib/ksdk_platform_lib/armgcc/KL03Z4/release/libksdk_platform.a(fsl_os_abstraction_bm.c.obj)
                0x0000000000003222                OSA_TimeDelay
 .text.OSA_EnterCritical
                0x0000000000003244        0xc ../../../../lib/ksdk_platform_lib/armgcc/KL03Z4/release/libksdk_platform.a(fsl_os_abstraction_bm.c.obj)
                0x0000000000003244                OSA_EnterCritical
 .text.OSA_ExitCritical
                0x0000000000003250        0xc ../../../../lib/ksdk_platform_lib/armgcc/KL03Z4/release/libksdk_platform.a(fsl_os_abstraction_bm.c.obj)
                0x0000000000003250                OSA_ExitCritical
 .text.OSA_Init
                0x000000000000325c       0x48 ../../../../lib/ksdk_platform_lib/armgcc/KL03Z4/release/libksdk_platform.a(fsl_os_abstraction_bm.c.obj)
                0x000000000000325c                OSA_Init
 .text.CLOCK_SYS_Init
                0x00000000000032a4       0x18 ../../../../lib/ksdk_platform_lib/armgcc/KL03Z4/release/libksdk_platform.a(fsl_clock_manager.c.obj)
                0x00000000000032a4                CLOCK_SYS_Init
 .text.CLOCK_SYS_UpdateConfiguration
                0x00000000000032bc       0xe8 ../../../../lib/ksdk_platform_lib/armgcc/KL03Z4/release/libksdk_platform.a(fsl_clock_manager.c.obj)
                0x00000000000032bc                CLOCK_SYS_UpdateConfiguration
 .text.CLOCK_SYS_GetCurrentConfiguration
                0x00000000000033a4        0xc ../../../../lib/ksdk_platform_lib/armgcc/KL03Z4/release/libksdk_platform.a(fsl_clock_manager.c.obj)
                0x00000000000033a4                CLOCK_SYS_GetCurrentConfiguration
 .text.CLOCK_SYS_SetMcgliteMode
                0x00000000000033b0       0x80 ../../../../lib/ksdk_platform_lib/armgcc/KL03Z4/release/libksdk_platform.a(fsl_clock_manager.c.obj)
                0x00000000000033b0                CLOCK_SYS_SetMcgliteMode
 .text.SIM_HAL_DisableClock.constprop.5
                0x0000000000003430       0x24 ../../../../lib/ksdk_platform_lib/armgcc/KL03Z4/release/libksdk_platform.a(fsl_clock_MKL03Z4.c.obj)
 .text.SIM_HAL_EnableClock.constprop.6
                0x0000000000003454       0x24 ../../../../lib/ksdk_platform_lib/armgcc/KL03Z4/release/libksdk_platform.a(fsl_clock_MKL03Z4.c.obj)
 .text.CLOCK_SYS_SetConfiguration
                0x0000000000003478       0x58 ../../../../lib/ksdk_platform_lib/armgcc/KL03Z4/release/libksdk_platform.a(fsl_clock_MKL03Z4.c.obj)
                0x0000000000003478                CLOCK_SYS_SetConfiguration
 .text.CLOCK_SYS_GetCoreClockFreq
                0x00000000000034d0       0x20 ../../../../lib/ksdk_platform_lib/armgcc/KL03Z4/release/libksdk_platform.a(fsl_clock_MKL03Z4.c.obj)
                0x00000000000034d0                CLOCK_SYS_GetCoreClockFreq
 .text.CLOCK_SYS_GetSystemClockFreq
                0x00000000000034f0       0x20 ../../../../lib/ksdk_platform_lib/armgcc/KL03Z4/release/libksdk_platform.a(fsl_clock_MKL03Z4.c.obj)
                0x00000000000034f0                CLOCK_SYS_GetSystemClockFreq
 .text.CLOCK_SYS_GetBusClockFreq
                0x0000000000003510       0x20 ../../../../lib/ksdk_platform_lib/armgcc/KL03Z4/release/libksdk_platform.a(fsl_clock_MKL03Z4.c.obj)
                0x0000000000003510                CLOCK_SYS_GetBusClockFreq
 .text.CLOCK_SYS_GetFlashClockFreq
                0x0000000000003530       0x20 ../../../../lib/ksdk_platform_lib/armgcc/KL03Z4/release/libksdk_platform.a(fsl_clock_MKL03Z4.c.obj)
                0x0000000000003530                CLOCK_SYS_GetFlashClockFreq
 .text.CLOCK_SYS_GetExternalRefClock32kFreq
                0x0000000000003550       0x40 ../../../../lib/ksdk_platform_lib/armgcc/KL03Z4/release/libksdk_platform.a(fsl_clock_MKL03Z4.c.obj)
                0x0000000000003550                CLOCK_SYS_GetExternalRefClock32kFreq
 .text.CLOCK_SYS_GetRtcFreq
                0x0000000000003590        0x8 ../../../../lib/ksdk_platform_lib/armgcc/KL03Z4/release/libksdk_platform.a(fsl_clock_MKL03Z4.c.obj)
                0x0000000000003590                CLOCK_SYS_GetRtcFreq
 .text.CLOCK_SYS_EnablePortClock
                0x0000000000003598       0x10 ../../../../lib/ksdk_platform_lib/armgcc/KL03Z4/release/libksdk_platform.a(fsl_clock_MKL03Z4.c.obj)
                0x0000000000003598                CLOCK_SYS_EnablePortClock
 .text.CLOCK_SYS_EnableSpiClock
                0x00000000000035a8        0xa ../../../../lib/ksdk_platform_lib/armgcc/KL03Z4/release/libksdk_platform.a(fsl_clock_MKL03Z4.c.obj)
                0x00000000000035a8                CLOCK_SYS_EnableSpiClock
 .text.CLOCK_SYS_DisableSpiClock
                0x00000000000035b2        0xa ../../../../lib/ksdk_platform_lib/armgcc/KL03Z4/release/libksdk_platform.a(fsl_clock_MKL03Z4.c.obj)
                0x00000000000035b2                CLOCK_SYS_DisableSpiClock
 .text.CLOCK_SYS_EnableI2cClock
                0x00000000000035bc        0xa ../../../../lib/ksdk_platform_lib/armgcc/KL03Z4/release/libksdk_platform.a(fsl_clock_MKL03Z4.c.obj)
                0x00000000000035bc                CLOCK_SYS_EnableI2cClock
 .text.CLOCK_SYS_DisableI2cClock
                0x00000000000035c6        0xa ../../../../lib/ksdk_platform_lib/armgcc/KL03Z4/release/libksdk_platform.a(fsl_clock_MKL03Z4.c.obj)
                0x00000000000035c6                CLOCK_SYS_DisableI2cClock
 .text.INT_SYS_EnableIRQGlobal
                0x00000000000035d0       0x18 ../../../../lib/ksdk_platform_lib/armgcc/KL03Z4/release/libksdk_platform.a(fsl_interrupt_manager.c.obj)
                0x00000000000035d0                INT_SYS_EnableIRQGlobal
 .text.INT_SYS_DisableIRQGlobal
                0x00000000000035e8       0x10 ../../../../lib/ksdk_platform_lib/armgcc/KL03Z4/release/libksdk_platform.a(fsl_interrupt_manager.c.obj)
                0x00000000000035e8                INT_SYS_DisableIRQGlobal
 .text.POWER_SYS_WaitForRunStatus
                0x00000000000035f8       0x3c ../../../../lib/ksdk_platform_lib/armgcc/KL03Z4/release/libksdk_platform.a(fsl_power_manager.c.obj)
 .text.POWER_SYS_WaitForVlprStatus
                0x0000000000003634       0x24 ../../../../lib/ksdk_platform_lib/armgcc/KL03Z4/release/libksdk_platform.a(fsl_power_manager.c.obj)
 .text.POWER_SYS_Init
                0x0000000000003658       0x44 ../../../../lib/ksdk_platform_lib/armgcc/KL03Z4/release/libksdk_platform.a(fsl_power_manager.c.obj)
                0x0000000000003658                POWER_SYS_Init
 .text.POWER_SYS_SetMode
                0x000000000000369c      0x2e4 ../../../../lib/ksdk_platform_lib/armgcc/KL03Z4/release/libksdk_platform.a(fsl_power_manager.c.obj)
                0x000000000000369c                POWER_SYS_SetMode
 .text.POWER_SYS_GetCurrentMode
                0x0000000000003980       0x20 ../../../../lib/ksdk_platform_lib/armgcc/KL03Z4/release/libksdk_platform.a(fsl_power_manager.c.obj)
                0x0000000000003980                POWER_SYS_GetCurrentMode
 .text.GPIO_DRV_InputPinInit
                0x00000000000039a0       0x8c ../../../../lib/ksdk_platform_lib/armgcc/KL03Z4/release/libksdk_platform.a(fsl_gpio_driver.c.obj)
                0x00000000000039a0                GPIO_DRV_InputPinInit
 .text.GPIO_DRV_OutputPinInit
                0x0000000000003a2c       0x58 ../../../../lib/ksdk_platform_lib/armgcc/KL03Z4/release/libksdk_platform.a(fsl_gpio_driver.c.obj)
                0x0000000000003a2c                GPIO_DRV_OutputPinInit
 .text.GPIO_DRV_Init
                0x0000000000003a84       0x36 ../../../../lib/ksdk_platform_lib/armgcc/KL03Z4/release/libksdk_platform.a(fsl_gpio_driver.c.obj)
                0x0000000000003a84                GPIO_DRV_Init
 *fill*         0x0000000000003aba        0x2 
 .text.GPIO_DRV_SetPinOutput
                0x0000000000003abc       0x1c ../../../../lib/ksdk_platform_lib/armgcc/KL03Z4/release/libksdk_platform.a(fsl_gpio_driver.c.obj)
                0x0000000000003abc                GPIO_DRV_SetPinOutput
 .text.GPIO_DRV_ClearPinOutput
                0x0000000000003ad8       0x1c ../../../../lib/ksdk_platform_lib/armgcc/KL03Z4/release/libksdk_platform.a(fsl_gpio_driver.c.obj)
                0x0000000000003ad8                GPIO_DRV_ClearPinOutput
 .text.I2C_DRV_IRQHandler
                0x0000000000003af4       0x28 ../../../../lib/ksdk_platform_lib/armgcc/KL03Z4/release/libksdk_platform.a(fsl_i2c_shared_function.c.obj)
                0x0000000000003af4                I2C_DRV_IRQHandler
 .text.I2C_HAL_WriteByte
                0x0000000000003b1c       0x14 ../../../../lib/ksdk_platform_lib/armgcc/KL03Z4/release/libksdk_platform.a(fsl_i2c_master_driver.c.obj)
 .text.I2C_DRV_MasterWait
                0x0000000000003b30       0x2c ../../../../lib/ksdk_platform_lib/armgcc/KL03Z4/release/libksdk_platform.a(fsl_i2c_master_driver.c.obj)
 .text.I2C_DRV_SendAddress.isra.1
                0x0000000000003b5c       0xf0 ../../../../lib/ksdk_platform_lib/armgcc/KL03Z4/release/libksdk_platform.a(fsl_i2c_master_driver.c.obj)
 .text.I2C_DRV_CompleteTransfer
                0x0000000000003c4c       0x4c ../../../../lib/ksdk_platform_lib/armgcc/KL03Z4/release/libksdk_platform.a(fsl_i2c_master_driver.c.obj)
 .text.I2C_DRV_MasterInit
                0x0000000000003c98       0x78 ../../../../lib/ksdk_platform_lib/armgcc/KL03Z4/release/libksdk_platform.a(fsl_i2c_master_driver.c.obj)
                0x0000000000003c98                I2C_DRV_MasterInit
 .text.I2C_DRV_MasterDeinit
                0x0000000000003d10       0x50 ../../../../lib/ksdk_platform_lib/armgcc/KL03Z4/release/libksdk_platform.a(fsl_i2c_master_driver.c.obj)
                0x0000000000003d10                I2C_DRV_MasterDeinit
 .text.I2C_DRV_MasterSetBaudRate
                0x0000000000003d60       0x34 ../../../../lib/ksdk_platform_lib/armgcc/KL03Z4/release/libksdk_platform.a(fsl_i2c_master_driver.c.obj)
                0x0000000000003d60                I2C_DRV_MasterSetBaudRate
 .text.I2C_DRV_MasterSend
                0x0000000000003d94       0xe4 ../../../../lib/ksdk_platform_lib/armgcc/KL03Z4/release/libksdk_platform.a(fsl_i2c_master_driver.c.obj)
 .text.I2C_DRV_MasterSendDataBlocking
                0x0000000000003e78       0x1a ../../../../lib/ksdk_platform_lib/armgcc/KL03Z4/release/libksdk_platform.a(fsl_i2c_master_driver.c.obj)
                0x0000000000003e78                I2C_DRV_MasterSendDataBlocking
 *fill*         0x0000000000003e92        0x2 
 .text.I2C_DRV_MasterIRQHandler
                0x0000000000003e94       0xa0 ../../../../lib/ksdk_platform_lib/armgcc/KL03Z4/release/libksdk_platform.a(fsl_i2c_master_driver.c.obj)
                0x0000000000003e94                I2C_DRV_MasterIRQHandler
 .text.I2C_HAL_ClearInt
                0x0000000000003f34        0xe ../../../../lib/ksdk_platform_lib/armgcc/KL03Z4/release/libksdk_platform.a(fsl_i2c_slave_driver.c.obj)
 *fill*         0x0000000000003f42        0x2 
 .text.I2C_DRV_SlaveIRQHandler
                0x0000000000003f44      0x24c ../../../../lib/ksdk_platform_lib/armgcc/KL03Z4/release/libksdk_platform.a(fsl_i2c_slave_driver.c.obj)
                0x0000000000003f44                I2C_DRV_SlaveIRQHandler
 .text.CLOCK_HAL_GetLircClk
                0x0000000000004190       0x30 ../../../../lib/ksdk_platform_lib/armgcc/KL03Z4/release/libksdk_platform.a(fsl_mcglite_hal.c.obj)
                0x0000000000004190                CLOCK_HAL_GetLircClk
 .text.CLOCK_HAL_GetOutClk
                0x00000000000041c0       0x48 ../../../../lib/ksdk_platform_lib/armgcc/KL03Z4/release/libksdk_platform.a(fsl_mcglite_hal.c.obj)
                0x00000000000041c0                CLOCK_HAL_GetOutClk
 .text.CLOCK_HAL_GetMode
                0x0000000000004208       0x38 ../../../../lib/ksdk_platform_lib/armgcc/KL03Z4/release/libksdk_platform.a(fsl_mcglite_hal_modes.c.obj)
                0x0000000000004208                CLOCK_HAL_GetMode
 .text.CLOCK_HAL_SetHircMode
                0x0000000000004240       0x38 ../../../../lib/ksdk_platform_lib/armgcc/KL03Z4/release/libksdk_platform.a(fsl_mcglite_hal_modes.c.obj)
                0x0000000000004240                CLOCK_HAL_SetHircMode
 .text.CLOCK_HAL_SetLircMode
                0x0000000000004278       0x84 ../../../../lib/ksdk_platform_lib/armgcc/KL03Z4/release/libksdk_platform.a(fsl_mcglite_hal_modes.c.obj)
                0x0000000000004278                CLOCK_HAL_SetLircMode
 .text.CLOCK_HAL_SetExtMode
                0x00000000000042fc       0x38 ../../../../lib/ksdk_platform_lib/armgcc/KL03Z4/release/libksdk_platform.a(fsl_mcglite_hal_modes.c.obj)
                0x00000000000042fc                CLOCK_HAL_SetExtMode
 .text.OSC_HAL_SetExternalRefClkCmd
                0x0000000000004334        0xe ../../../../lib/ksdk_platform_lib/armgcc/KL03Z4/release/libksdk_platform.a(fsl_osc_hal.c.obj)
                0x0000000000004334                OSC_HAL_SetExternalRefClkCmd
 .text.OSC_HAL_SetExternalRefClkInStopModeCmd
                0x0000000000004342        0xe ../../../../lib/ksdk_platform_lib/armgcc/KL03Z4/release/libksdk_platform.a(fsl_osc_hal.c.obj)
                0x0000000000004342                OSC_HAL_SetExternalRefClkInStopModeCmd
 .text.RTC_HAL_ConvertSecsToDatetime
                0x0000000000004350       0x9c ../../../../lib/ksdk_platform_lib/armgcc/KL03Z4/release/libksdk_platform.a(fsl_rtc_hal.c.obj)
                0x0000000000004350                RTC_HAL_ConvertSecsToDatetime
 .text.RTC_HAL_IsDatetimeCorrectFormat
                0x00000000000043ec       0x54 ../../../../lib/ksdk_platform_lib/armgcc/KL03Z4/release/libksdk_platform.a(fsl_rtc_hal.c.obj)
                0x00000000000043ec                RTC_HAL_IsDatetimeCorrectFormat
 .text.RTC_HAL_ConvertDatetimeToSecs
                0x0000000000004440       0x58 ../../../../lib/ksdk_platform_lib/armgcc/KL03Z4/release/libksdk_platform.a(fsl_rtc_hal.c.obj)
                0x0000000000004440                RTC_HAL_ConvertDatetimeToSecs
 .text.RTC_HAL_Enable
                0x0000000000004498       0x28 ../../../../lib/ksdk_platform_lib/armgcc/KL03Z4/release/libksdk_platform.a(fsl_rtc_hal.c.obj)
                0x0000000000004498                RTC_HAL_Enable
 .text.RTC_HAL_Init
                0x00000000000044c0       0x38 ../../../../lib/ksdk_platform_lib/armgcc/KL03Z4/release/libksdk_platform.a(fsl_rtc_hal.c.obj)
                0x00000000000044c0                RTC_HAL_Init
 .text.RTC_HAL_SetDatetimeInsecs
                0x00000000000044f8       0x18 ../../../../lib/ksdk_platform_lib/armgcc/KL03Z4/release/libksdk_platform.a(fsl_rtc_hal.c.obj)
                0x00000000000044f8                RTC_HAL_SetDatetimeInsecs
 .text.RTC_HAL_GetDatetimeInSecs
                0x0000000000004510        0x6 ../../../../lib/ksdk_platform_lib/armgcc/KL03Z4/release/libksdk_platform.a(fsl_rtc_hal.c.obj)
                0x0000000000004510                RTC_HAL_GetDatetimeInSecs
 *fill*         0x0000000000004516        0x2 
 .text.RTC_DRV_Init
                0x0000000000004518       0x5c ../../../../lib/ksdk_platform_lib/armgcc/KL03Z4/release/libksdk_platform.a(fsl_rtc_driver.c.obj)
                0x0000000000004518                RTC_DRV_Init
 .text.RTC_DRV_SetDatetime
                0x0000000000004574       0x50 ../../../../lib/ksdk_platform_lib/armgcc/KL03Z4/release/libksdk_platform.a(fsl_rtc_driver.c.obj)
                0x0000000000004574                RTC_DRV_SetDatetime
 .text.RTC_DRV_GetDatetime
                0x00000000000045c4       0x58 ../../../../lib/ksdk_platform_lib/armgcc/KL03Z4/release/libksdk_platform.a(fsl_rtc_driver.c.obj)
                0x00000000000045c4                RTC_DRV_GetDatetime
 .text.RTC_DRV_SetAlarm
                0x000000000000461c       0x6c ../../../../lib/ksdk_platform_lib/armgcc/KL03Z4/release/libksdk_platform.a(fsl_rtc_driver.c.obj)
                0x000000000000461c                RTC_DRV_SetAlarm
 .text.RTC_DRV_SetAlarmIntCmd
                0x0000000000004688       0x18 ../../../../lib/ksdk_platform_lib/armgcc/KL03Z4/release/libksdk_platform.a(fsl_rtc_driver.c.obj)
                0x0000000000004688                RTC_DRV_SetAlarmIntCmd
 .text.RTC_DRV_IsAlarmPending
                0x00000000000046a0       0x1c ../../../../lib/ksdk_platform_lib/armgcc/KL03Z4/release/libksdk_platform.a(fsl_rtc_driver.c.obj)
                0x00000000000046a0                RTC_DRV_IsAlarmPending
 .text.CLOCK_HAL_SetOutDiv
                0x00000000000046bc       0x20 ../../../../lib/ksdk_platform_lib/armgcc/KL03Z4/release/libksdk_platform.a(fsl_sim_hal_MKL03Z4.c.obj)
                0x00000000000046bc                CLOCK_HAL_SetOutDiv
 .text.SPI_DRV_IRQHandler
                0x00000000000046dc       0x28 ../../../../lib/ksdk_platform_lib/armgcc/KL03Z4/release/libksdk_platform.a(fsl_spi_shared_function.c.obj)
                0x00000000000046dc                SPI_DRV_IRQHandler
 .text.SPI_DRV_MasterCompleteTransfer
                0x0000000000004704       0x3c ../../../../lib/ksdk_platform_lib/armgcc/KL03Z4/release/libksdk_platform.a(fsl_spi_master_driver.c.obj)
 .text.SPI_DRV_MasterInit
                0x0000000000004740       0x84 ../../../../lib/ksdk_platform_lib/armgcc/KL03Z4/release/libksdk_platform.a(fsl_spi_master_driver.c.obj)
                0x0000000000004740                SPI_DRV_MasterInit
 .text.SPI_DRV_MasterDeinit
                0x00000000000047c4       0x48 ../../../../lib/ksdk_platform_lib/armgcc/KL03Z4/release/libksdk_platform.a(fsl_spi_master_driver.c.obj)
                0x00000000000047c4                SPI_DRV_MasterDeinit
 .text.SPI_DRV_MasterConfigureBus
                0x000000000000480c       0x34 ../../../../lib/ksdk_platform_lib/armgcc/KL03Z4/release/libksdk_platform.a(fsl_spi_master_driver.c.obj)
                0x000000000000480c                SPI_DRV_MasterConfigureBus
 .text.SPI_DRV_MasterStartTransfer
                0x0000000000004840       0x88 ../../../../lib/ksdk_platform_lib/armgcc/KL03Z4/release/libksdk_platform.a(fsl_spi_master_driver.c.obj)
 .text.SPI_DRV_MasterTransferBlocking
                0x00000000000048c8       0x58 ../../../../lib/ksdk_platform_lib/armgcc/KL03Z4/release/libksdk_platform.a(fsl_spi_master_driver.c.obj)
                0x00000000000048c8                SPI_DRV_MasterTransferBlocking
 .text.SPI_DRV_MasterIRQHandler
                0x0000000000004920       0x88 ../../../../lib/ksdk_platform_lib/armgcc/KL03Z4/release/libksdk_platform.a(fsl_spi_master_driver.c.obj)
                0x0000000000004920                SPI_DRV_MasterIRQHandler
 .text.SPI_DRV_SlaveCompleteTransfer
                0x00000000000049a8       0x4c ../../../../lib/ksdk_platform_lib/armgcc/KL03Z4/release/libksdk_platform.a(fsl_spi_slave_driver.c.obj)
 .text.SPI_DRV_SlaveIRQHandler
                0x00000000000049f4       0xa0 ../../../../lib/ksdk_platform_lib/armgcc/KL03Z4/release/libksdk_platform.a(fsl_spi_slave_driver.c.obj)
                0x00000000000049f4                SPI_DRV_SlaveIRQHandler
 .text.SMC_HAL_GetProtectionMode
                0x0000000000004a94       0x20 ../../../../lib/ksdk_platform_lib/armgcc/KL03Z4/release/libksdk_platform.a(fsl_smc_hal.c.obj)
                0x0000000000004a94                SMC_HAL_GetProtectionMode
 .text.SMC_HAL_SetRunMode
                0x0000000000004ab4       0x14 ../../../../lib/ksdk_platform_lib/armgcc/KL03Z4/release/libksdk_platform.a(fsl_smc_hal.c.obj)
                0x0000000000004ab4                SMC_HAL_SetRunMode
 .text.SMC_HAL_SetPorMode
                0x0000000000004ac8       0x10 ../../../../lib/ksdk_platform_lib/armgcc/KL03Z4/release/libksdk_platform.a(fsl_smc_hal.c.obj)
                0x0000000000004ac8                SMC_HAL_SetPorMode
 .text.SMC_HAL_SetPstopMode
                0x0000000000004ad8       0x14 ../../../../lib/ksdk_platform_lib/armgcc/KL03Z4/release/libksdk_platform.a(fsl_smc_hal.c.obj)
                0x0000000000004ad8                SMC_HAL_SetPstopMode
 .text.SMC_HAL_SetLpoMode
                0x0000000000004aec       0x10 ../../../../lib/ksdk_platform_lib/armgcc/KL03Z4/release/libksdk_platform.a(fsl_smc_hal.c.obj)
                0x0000000000004aec                SMC_HAL_SetLpoMode
 .text.SMC_HAL_SetMode
                0x0000000000004afc       0xf4 ../../../../lib/ksdk_platform_lib/armgcc/KL03Z4/release/libksdk_platform.a(fsl_smc_hal.c.obj)
                0x0000000000004afc                SMC_HAL_SetMode
 .text.SMC_HAL_GetStat
                0x0000000000004bf0       0x10 ../../../../lib/ksdk_platform_lib/armgcc/KL03Z4/release/libksdk_platform.a(fsl_smc_hal.c.obj)
                0x0000000000004bf0                SMC_HAL_GetStat
 .text.GPIO_HAL_SetPinDir
                0x0000000000004c00       0x20 ../../../../lib/ksdk_platform_lib/armgcc/KL03Z4/release/libksdk_platform.a(fsl_gpio_hal.c.obj)
                0x0000000000004c00                GPIO_HAL_SetPinDir
 .text.GPIO_HAL_WritePinOutput
                0x0000000000004c20       0x10 ../../../../lib/ksdk_platform_lib/armgcc/KL03Z4/release/libksdk_platform.a(fsl_gpio_hal.c.obj)
                0x0000000000004c20                GPIO_HAL_WritePinOutput
 .text.I2C_HAL_Init
                0x0000000000004c30       0x1c ../../../../lib/ksdk_platform_lib/armgcc/KL03Z4/release/libksdk_platform.a(fsl_i2c_hal.c.obj)
                0x0000000000004c30                I2C_HAL_Init
 .text.I2C_HAL_SetBaudRate
                0x0000000000004c4c       0x7c ../../../../lib/ksdk_platform_lib/armgcc/KL03Z4/release/libksdk_platform.a(fsl_i2c_hal.c.obj)
                0x0000000000004c4c                I2C_HAL_SetBaudRate
 .text.I2C_HAL_SendStart
                0x0000000000004cc8       0x24 ../../../../lib/ksdk_platform_lib/armgcc/KL03Z4/release/libksdk_platform.a(fsl_i2c_hal.c.obj)
                0x0000000000004cc8                I2C_HAL_SendStart
 .text.I2C_HAL_SendStop
                0x0000000000004cec       0x3a ../../../../lib/ksdk_platform_lib/armgcc/KL03Z4/release/libksdk_platform.a(fsl_i2c_hal.c.obj)
                0x0000000000004cec                I2C_HAL_SendStop
 .text.SPI_HAL_Init
                0x0000000000004d26        0xe ../../../../lib/ksdk_platform_lib/armgcc/KL03Z4/release/libksdk_platform.a(fsl_spi_hal.c.obj)
                0x0000000000004d26                SPI_HAL_Init
 .text.SPI_HAL_SetBaud
                0x0000000000004d34       0x72 ../../../../lib/ksdk_platform_lib/armgcc/KL03Z4/release/libksdk_platform.a(fsl_spi_hal.c.obj)
                0x0000000000004d34                SPI_HAL_SetBaud
 .text.SPI_HAL_SetSlaveSelectOutputMode
                0x0000000000004da6       0x26 ../../../../lib/ksdk_platform_lib/armgcc/KL03Z4/release/libksdk_platform.a(fsl_spi_hal.c.obj)
                0x0000000000004da6                SPI_HAL_SetSlaveSelectOutputMode
 .text.SPI_HAL_SetDataFormat
                0x0000000000004dcc       0x26 ../../../../lib/ksdk_platform_lib/armgcc/KL03Z4/release/libksdk_platform.a(fsl_spi_hal.c.obj)
                0x0000000000004dcc                SPI_HAL_SetDataFormat
 .text.SPI_HAL_SetPinMode
                0x0000000000004df2       0x20 ../../../../lib/ksdk_platform_lib/armgcc/KL03Z4/release/libksdk_platform.a(fsl_spi_hal.c.obj)
                0x0000000000004df2                SPI_HAL_SetPinMode
 *fill*         0x0000000000004e12        0x2 
 .text.exit     0x0000000000004e14       0x2c /Users/admin/bare-metal-arm/gcc-arm-none-eabi-4_8-2014q1/bin/../lib/gcc/arm-none-eabi/4.8.3/../../../../arm-none-eabi/lib/armv6-m/libc_s.a(lib_a-exit.o)
                0x0000000000004e14                exit
 .text.__libc_init_array
                0x0000000000004e40       0x4c /Users/admin/bare-metal-arm/gcc-arm-none-eabi-4_8-2014q1/bin/../lib/gcc/arm-none-eabi/4.8.3/../../../../arm-none-eabi/lib/armv6-m/libc_s.a(lib_a-init.o)
                0x0000000000004e40                __libc_init_array
 .text.memcpy   0x0000000000004e8c       0x12 /Users/admin/bare-metal-arm/gcc-arm-none-eabi-4_8-2014q1/bin/../lib/gcc/arm-none-eabi/4.8.3/../../../../arm-none-eabi/lib/armv6-m/libc_s.a(lib_a-memcpy-stub.o)
                0x0000000000004e8c                memcpy
 .text.memset   0x0000000000004e9e       0x10 /Users/admin/bare-metal-arm/gcc-arm-none-eabi-4_8-2014q1/bin/../lib/gcc/arm-none-eabi/4.8.3/../../../../arm-none-eabi/lib/armv6-m/libc_s.a(lib_a-memset.o)
                0x0000000000004e9e                memset
 .text.strcpy   0x0000000000004eae       0x10 /Users/admin/bare-metal-arm/gcc-arm-none-eabi-4_8-2014q1/bin/../lib/gcc/arm-none-eabi/4.8.3/../../../../arm-none-eabi/lib/armv6-m/libc_s.a(lib_a-strcpy.o)
                0x0000000000004eae                strcpy
 .text.strlen   0x0000000000004ebe        0xe /Users/admin/bare-metal-arm/gcc-arm-none-eabi-4_8-2014q1/bin/../lib/gcc/arm-none-eabi/4.8.3/../../../../arm-none-eabi/lib/armv6-m/libc_s.a(lib_a-strlen.o)
                0x0000000000004ebe                strlen
 .text._exit    0x0000000000004ecc        0x4 /Users/admin/bare-metal-arm/gcc-arm-none-eabi-4_8-2014q1/bin/../lib/gcc/arm-none-eabi/4.8.3/../../../../arm-none-eabi/lib/armv6-m/libnosys.a(_exit.o)
                0x0000000000004ecc                _exit
 *(.rodata)
 .rodata        0x0000000000004ed0       0x78 CMakeFiles/Warp.dir/Users/admin/GitHub_Repo/Warp-firmware/build/ksdk1.1/work/demos/Warp/src/devMAX11300.c.obj
 .rodata        0x0000000000004f48       0x40 /Users/admin/bare-metal-arm/gcc-arm-none-eabi-4_8-2014q1/bin/../lib/gcc/arm-none-eabi/4.8.3/armv6-m/libgcc.a(divsf3.o)
 .rodata        0x0000000000004f88       0x40 /Users/admin/bare-metal-arm/gcc-arm-none-eabi-4_8-2014q1/bin/../lib/gcc/arm-none-eabi/4.8.3/armv6-m/libgcc.a(mulsf3.o)
 *(.rodata*)
 .rodata.str1.1
                0x0000000000004fc8     0x15d0 CMakeFiles/Warp.dir/Users/admin/GitHub_Repo/Warp-firmware/build/ksdk1.1/work/demos/Warp/src/warp-kl03-ksdk1.1-boot.c.obj
                                       0x15d3 (size before relaxing)
 .rodata.str1.1
                0x0000000000006598       0x14 CMakeFiles/Warp.dir/Users/admin/GitHub_Repo/Warp-firmware/build/ksdk1.1/work/demos/Warp/src/SEGGER_RTT.c.obj
 .rodata._aV2C.4329
                0x00000000000065ac       0x10 CMakeFiles/Warp.dir/Users/admin/GitHub_Repo/Warp-firmware/build/ksdk1.1/work/demos/Warp/src/SEGGER_RTT_printf.c.obj
 .rodata.str1.1
                0x00000000000065bc      0x6f8 CMakeFiles/Warp.dir/Users/admin/GitHub_Repo/Warp-firmware/build/ksdk1.1/work/demos/Warp/src/devMAX11300.c.obj
 .rodata.portGateTable
                0x0000000000006cb4        0x2 ../../../../lib/ksdk_platform_lib/armgcc/KL03Z4/release/libksdk_platform.a(fsl_clock_MKL03Z4.c.obj)
 .rodata.g_i2cIrqId
                0x0000000000006cb6        0x1 ../../../../lib/ksdk_platform_lib/armgcc/KL03Z4/release/libksdk_platform.a(fsl_i2c_common.c.obj)
                0x0000000000006cb6                g_i2cIrqId
 *fill*         0x0000000000006cb7        0x1 
 .rodata.g_i2cBaseAddr
                0x0000000000006cb8        0x4 ../../../../lib/ksdk_platform_lib/armgcc/KL03Z4/release/libksdk_platform.a(fsl_i2c_common.c.obj)
                0x0000000000006cb8                g_i2cBaseAddr
 .rodata.MONTH_DAYS
                0x0000000000006cbc       0x1a ../../../../lib/ksdk_platform_lib/armgcc/KL03Z4/release/libksdk_platform.a(fsl_rtc_hal.c.obj)
 .rodata.LY     0x0000000000006cd6        0xd ../../../../lib/ksdk_platform_lib/armgcc/KL03Z4/release/libksdk_platform.a(fsl_rtc_hal.c.obj)
 .rodata.ULY    0x0000000000006ce3        0xd ../../../../lib/ksdk_platform_lib/armgcc/KL03Z4/release/libksdk_platform.a(fsl_rtc_hal.c.obj)
 .rodata.g_rtcSecondsIrqId
                0x0000000000006cf0        0x1 ../../../../lib/ksdk_platform_lib/armgcc/KL03Z4/release/libksdk_platform.a(fsl_rtc_common.c.obj)
                0x0000000000006cf0                g_rtcSecondsIrqId
 .rodata.g_rtcIrqId
                0x0000000000006cf1        0x1 ../../../../lib/ksdk_platform_lib/armgcc/KL03Z4/release/libksdk_platform.a(fsl_rtc_common.c.obj)
                0x0000000000006cf1                g_rtcIrqId
 *fill*         0x0000000000006cf2        0x2 
 .rodata.g_rtcBaseAddr
                0x0000000000006cf4        0x4 ../../../../lib/ksdk_platform_lib/armgcc/KL03Z4/release/libksdk_platform.a(fsl_rtc_common.c.obj)
                0x0000000000006cf4                g_rtcBaseAddr
 .rodata.g_spiIrqId
                0x0000000000006cf8        0x1 ../../../../lib/ksdk_platform_lib/armgcc/KL03Z4/release/libksdk_platform.a(fsl_spi_common.c.obj)
                0x0000000000006cf8                g_spiIrqId
 *fill*         0x0000000000006cf9        0x3 
 .rodata.g_spiBaseAddr
                0x0000000000006cfc        0x4 ../../../../lib/ksdk_platform_lib/armgcc/KL03Z4/release/libksdk_platform.a(fsl_spi_common.c.obj)
                0x0000000000006cfc                g_spiBaseAddr
 .rodata.g_oscBaseAddr
                0x0000000000006d00        0x4 ../../../../lib/ksdk_platform_lib/armgcc/KL03Z4/release/libksdk_platform.a(fsl_clock_manager_common.c.obj)
                0x0000000000006d00                g_oscBaseAddr
 .rodata.g_portBaseAddr
                0x0000000000006d04        0x8 ../../../../lib/ksdk_platform_lib/armgcc/KL03Z4/release/libksdk_platform.a(fsl_gpio_common.c.obj)
                0x0000000000006d04                g_portBaseAddr
 .rodata.g_gpioBaseAddr
                0x0000000000006d0c        0x8 ../../../../lib/ksdk_platform_lib/armgcc/KL03Z4/release/libksdk_platform.a(fsl_gpio_common.c.obj)
                0x0000000000006d0c                g_gpioBaseAddr
 .rodata.g_portIrqId
                0x0000000000006d14        0x2 ../../../../lib/ksdk_platform_lib/armgcc/KL03Z4/release/libksdk_platform.a(fsl_gpio_common.c.obj)
                0x0000000000006d14                g_portIrqId
 .rodata.kI2CDividerTable
                0x0000000000006d16       0xc8 ../../../../lib/ksdk_platform_lib/armgcc/KL03Z4/release/libksdk_platform.a(fsl_i2c_hal.c.obj)
                0x0000000000006d16                kI2CDividerTable
 .rodata.str1.1
                0x0000000000006dde        0x2 /Users/admin/bare-metal-arm/gcc-arm-none-eabi-4_8-2014q1/bin/../lib/gcc/arm-none-eabi/4.8.3/../../../../arm-none-eabi/lib/armv6-m/libc_s.a(lib_a-impure.o)
 .rodata._global_impure_ptr
                0x0000000000006de0        0x4 /Users/admin/bare-metal-arm/gcc-arm-none-eabi-4_8-2014q1/bin/../lib/gcc/arm-none-eabi/4.8.3/../../../../arm-none-eabi/lib/armv6-m/libc_s.a(lib_a-impure.o)
                0x0000000000006de0                _global_impure_ptr
 *(.glue_7)
 .glue_7        0x0000000000000000        0x0 linker stubs
 *(.glue_7t)
 .glue_7t       0x0000000000000000        0x0 linker stubs
 *(.eh_frame)
 .eh_frame      0x0000000000006de4        0x0 /Users/admin/bare-metal-arm/gcc-arm-none-eabi-4_8-2014q1/bin/../lib/gcc/arm-none-eabi/4.8.3/armv6-m/crtbegin.o
 *(.init)
 .init          0x0000000000006de4        0x4 /Users/admin/bare-metal-arm/gcc-arm-none-eabi-4_8-2014q1/bin/../lib/gcc/arm-none-eabi/4.8.3/armv6-m/crti.o
                0x0000000000006de4                _init
 .init          0x0000000000006de8        0x8 /Users/admin/bare-metal-arm/gcc-arm-none-eabi-4_8-2014q1/bin/../lib/gcc/arm-none-eabi/4.8.3/armv6-m/crtn.o
 *(.fini)
 .fini          0x0000000000006df0        0x4 /Users/admin/bare-metal-arm/gcc-arm-none-eabi-4_8-2014q1/bin/../lib/gcc/arm-none-eabi/4.8.3/armv6-m/crti.o
                0x0000000000006df0                _fini
 .fini          0x0000000000006df4        0x8 /Users/admin/bare-metal-arm/gcc-arm-none-eabi-4_8-2014q1/bin/../lib/gcc/arm-none-eabi/4.8.3/armv6-m/crtn.o
                0x0000000000006dfc                . = ALIGN (0x4)

.vfp11_veneer   0x0000000000006dfc        0x0
 .vfp11_veneer  0x0000000000000000        0x0 linker stubs

.v4_bx          0x0000000000006dfc        0x0
 .v4_bx         0x0000000000000000        0x0 linker stubs

.iplt           0x0000000000006dfc        0x0
 .iplt          0x0000000000000000        0x0 /Users/admin/bare-metal-arm/gcc-arm-none-eabi-4_8-2014q1/bin/../lib/gcc/arm-none-eabi/4.8.3/armv6-m/crtbegin.o

.ARM.extab
 *(.ARM.extab* .gnu.linkonce.armextab.*)

.ARM            0x0000000000006dfc        0x8
                0x0000000000006dfc                __exidx_start = .
 *(.ARM.exidx*)
 .ARM.exidx     0x0000000000006dfc        0x8 /Users/admin/bare-metal-arm/gcc-arm-none-eabi-4_8-2014q1/bin/../lib/gcc/arm-none-eabi/4.8.3/../../../../arm-none-eabi/lib/armv6-m/crt0.o
                0x0000000000006e04                __exidx_end = .

.rel.dyn        0x0000000000006e04        0x0
 .rel.iplt      0x0000000000000000        0x0 /Users/admin/bare-metal-arm/gcc-arm-none-eabi-4_8-2014q1/bin/../lib/gcc/arm-none-eabi/4.8.3/armv6-m/crtbegin.o

.ctors          0x0000000000006e04        0x0
                0x0000000000006e04                __CTOR_LIST__ = .
 *crtbegin.o(.ctors)
 *crtbegin?.o(.ctors)
 *(EXCLUDE_FILE(*crtend.o *crtend?.o) .ctors)
 *(SORT(.ctors.*))
 *(.ctors)
                0x0000000000006e04                __CTOR_END__ = .

.dtors          0x0000000000006e04        0x0
                0x0000000000006e04                __DTOR_LIST__ = .
 *crtbegin.o(.dtors)
 *crtbegin?.o(.dtors)
 *(EXCLUDE_FILE(*crtend.o *crtend?.o) .dtors)
 *(SORT(.dtors.*))
 *(.dtors)
                0x0000000000006e04                __DTOR_END__ = .

.preinit_array  0x0000000000006e04        0x0
                0x0000000000006e04                PROVIDE (__preinit_array_start, .)
 *(.preinit_array*)
                0x0000000000006e04                PROVIDE (__preinit_array_end, .)

.init_array     0x0000000000006e04        0x4
                0x0000000000006e04                PROVIDE (__init_array_start, .)
 *(SORT(.init_array.*))
 *(.init_array*)
 .init_array    0x0000000000006e04        0x4 /Users/admin/bare-metal-arm/gcc-arm-none-eabi-4_8-2014q1/bin/../lib/gcc/arm-none-eabi/4.8.3/armv6-m/crtbegin.o
                0x0000000000006e08                PROVIDE (__init_array_end, .)

.fini_array     0x0000000000006e08        0x4
                0x0000000000006e08                PROVIDE (__fini_array_start, .)
 *(SORT(.fini_array.*))
 *(.fini_array*)
 .fini_array    0x0000000000006e08        0x4 /Users/admin/bare-metal-arm/gcc-arm-none-eabi-4_8-2014q1/bin/../lib/gcc/arm-none-eabi/4.8.3/armv6-m/crtbegin.o
                0x0000000000006e0c                PROVIDE (__fini_array_end, .)
                0x0000000000006e0c                __etext = .
                0x0000000000006e0c                __DATA_ROM = .

.mtb            0x000000001ffffe00        0x0
                0x000000001ffffe00                . = ALIGN (0x8)
                0x000000001ffffe00                _mtb_start = .
 *(.mtb_buf)
                0x000000001ffffe00                . = ALIGN (0x8)
                0x000000001ffffe00                _mtb_end = .

.interrupts_ram
                0x000000001ffffe00        0x0
                0x000000001ffffe00                . = ALIGN (0x4)
                0x000000001ffffe00                __VECTOR_RAM__ = .
                0x000000001ffffe00                __interrupts_ram_start__ = .
 *(.m_interrupts_ram)
                0x000000001ffffe00                . = (. + M_VECTOR_RAM_SIZE)
                0x000000001ffffe00                . = ALIGN (0x4)
                0x000000001ffffe00                __interrupts_ram_end__ = .
                0x0000000000000000                __VECTOR_RAM = DEFINED (__ram_vector_table__)?__VECTOR_RAM__:ORIGIN (m_interrupts)
                0x0000000000000000                __RAM_VECTOR_TABLE_SIZE_BYTES = DEFINED (__ram_vector_table__)?(__interrupts_ram_end__ - __interrupts_ram_start__):0x0

.data           0x000000001ffffe00      0x1a8 load address 0x0000000000006e0c
                0x000000001ffffe00                . = ALIGN (0x4)
                0x000000001ffffe00                __DATA_RAM = .
                0x000000001ffffe00                __data_start__ = .
 *(.data)
 *(.data*)
 .data.gWarpMenuPrintDelayMilliseconds
                0x000000001ffffe00        0x4 CMakeFiles/Warp.dir/Users/admin/GitHub_Repo/Warp-firmware/build/ksdk1.1/work/demos/Warp/src/warp-kl03-ksdk1.1-boot.c.obj
                0x000000001ffffe00                gWarpMenuPrintDelayMilliseconds
 .data.gWarpUartBaudRateKbps
                0x000000001ffffe04        0x4 CMakeFiles/Warp.dir/Users/admin/GitHub_Repo/Warp-firmware/build/ksdk1.1/work/demos/Warp/src/warp-kl03-ksdk1.1-boot.c.obj
                0x000000001ffffe04                gWarpUartBaudRateKbps
 .data.gWarpI2cTimeoutMilliseconds
                0x000000001ffffe08        0x4 CMakeFiles/Warp.dir/Users/admin/GitHub_Repo/Warp-firmware/build/ksdk1.1/work/demos/Warp/src/warp-kl03-ksdk1.1-boot.c.obj
                0x000000001ffffe08                gWarpI2cTimeoutMilliseconds
 .data.gWarpSupplySettlingDelayMilliseconds
                0x000000001ffffe0c        0x4 CMakeFiles/Warp.dir/Users/admin/GitHub_Repo/Warp-firmware/build/ksdk1.1/work/demos/Warp/src/warp-kl03-ksdk1.1-boot.c.obj
                0x000000001ffffe0c                gWarpSupplySettlingDelayMilliseconds
 .data.gWarpMode
                0x000000001ffffe10        0x1 CMakeFiles/Warp.dir/Users/admin/GitHub_Repo/Warp-firmware/build/ksdk1.1/work/demos/Warp/src/warp-kl03-ksdk1.1-boot.c.obj
                0x000000001ffffe10                gWarpMode
 *fill*         0x000000001ffffe11        0x3 
 .data.gWarpI2cBaudRateKbps
                0x000000001ffffe14        0x4 CMakeFiles/Warp.dir/Users/admin/GitHub_Repo/Warp-firmware/build/ksdk1.1/work/demos/Warp/src/warp-kl03-ksdk1.1-boot.c.obj
                0x000000001ffffe14                gWarpI2cBaudRateKbps
 .data.gWarpSpiBaudRateKbps
                0x000000001ffffe18        0x4 CMakeFiles/Warp.dir/Users/admin/GitHub_Repo/Warp-firmware/build/ksdk1.1/work/demos/Warp/src/warp-kl03-ksdk1.1-boot.c.obj
                0x000000001ffffe18                gWarpSpiBaudRateKbps
 .data.clockManagerCallbackUserlevelStructure
                0x000000001ffffe1c        0xc CMakeFiles/Warp.dir/Users/admin/GitHub_Repo/Warp-firmware/build/ksdk1.1/work/demos/Warp/src/warp-kl03-ksdk1.1-boot.c.obj
                0x000000001ffffe1c                clockManagerCallbackUserlevelStructure
 .data.clockCallbackTable
                0x000000001ffffe28        0x4 CMakeFiles/Warp.dir/Users/admin/GitHub_Repo/Warp-firmware/build/ksdk1.1/work/demos/Warp/src/warp-kl03-ksdk1.1-boot.c.obj
 .data.inputPins
                0x000000001ffffe2c       0x10 CMakeFiles/Warp.dir/Users/admin/GitHub_Repo/Warp-firmware/build/ksdk1.1/work/boards/Warp/gpio_pins.c.obj
                0x000000001ffffe2c                inputPins
 .data.outputPins
                0x000000001ffffe3c       0xf0 CMakeFiles/Warp.dir/Users/admin/GitHub_Repo/Warp-firmware/build/ksdk1.1/work/boards/Warp/gpio_pins.c.obj
                0x000000001ffffe3c                outputPins
 .data.g_defaultClockConfigurations
                0x000000001fffff2c       0x18 ../../../../lib/ksdk_platform_lib/armgcc/KL03Z4/release/libksdk_platform.a(fsl_clock_MKL03Z4.c.obj)
                0x000000001fffff2c                g_defaultClockConfigurations
 .data.impure_data
                0x000000001fffff44       0x60 /Users/admin/bare-metal-arm/gcc-arm-none-eabi-4_8-2014q1/bin/../lib/gcc/arm-none-eabi/4.8.3/../../../../arm-none-eabi/lib/armv6-m/libc_s.a(lib_a-impure.o)
 *(.jcr*)
 .jcr           0x000000001fffffa4        0x0 /Users/admin/bare-metal-arm/gcc-arm-none-eabi-4_8-2014q1/bin/../lib/gcc/arm-none-eabi/4.8.3/armv6-m/crtbegin.o
 .jcr           0x000000001fffffa4        0x4 /Users/admin/bare-metal-arm/gcc-arm-none-eabi-4_8-2014q1/bin/../lib/gcc/arm-none-eabi/4.8.3/armv6-m/crtend.o
                0x000000001fffffa8                . = ALIGN (0x4)
                0x000000001fffffa8                __data_end__ = .
                0x0000000000006fb4                __DATA_END = (__DATA_ROM + (__data_end__ - __data_start__))

.igot.plt       0x000000001fffffa8        0x0 load address 0x0000000000006fb4
 .igot.plt      0x0000000000000000        0x0 /Users/admin/bare-metal-arm/gcc-arm-none-eabi-4_8-2014q1/bin/../lib/gcc/arm-none-eabi/4.8.3/armv6-m/crtbegin.o

.bss            0x000000001fffffa8      0x298 load address 0x0000000000006fb4
                0x000000001fffffa8                . = ALIGN (0x4)
                0x000000001fffffa8                __START_BSS = .
                0x000000001fffffa8                __bss_start__ = .
 *(.bss)
 .bss           0x000000001fffffa8       0x1c /Users/admin/bare-metal-arm/gcc-arm-none-eabi-4_8-2014q1/bin/../lib/gcc/arm-none-eabi/4.8.3/armv6-m/crtbegin.o
 *(.bss*)
 .bss.i2cMasterState
                0x000000001fffffc4       0x24 CMakeFiles/Warp.dir/Users/admin/GitHub_Repo/Warp-firmware/build/ksdk1.1/work/demos/Warp/src/warp-kl03-ksdk1.1-boot.c.obj
                0x000000001fffffc4                i2cMasterState
 .bss.spiUserConfig
                0x000000001fffffe8        0x8 CMakeFiles/Warp.dir/Users/admin/GitHub_Repo/Warp-firmware/build/ksdk1.1/work/demos/Warp/src/warp-kl03-ksdk1.1-boot.c.obj
                0x000000001fffffe8                spiUserConfig
 .bss.gWarpSleeptimeSeconds
                0x000000001ffffff0        0x4 CMakeFiles/Warp.dir/Users/admin/GitHub_Repo/Warp-firmware/build/ksdk1.1/work/demos/Warp/src/warp-kl03-ksdk1.1-boot.c.obj
                0x000000001ffffff0                gWarpSleeptimeSeconds
 .bss.spiMasterState
                0x000000001ffffff4       0x30 CMakeFiles/Warp.dir/Users/admin/GitHub_Repo/Warp-firmware/build/ksdk1.1/work/demos/Warp/src/warp-kl03-ksdk1.1-boot.c.obj
                0x000000001ffffff4                spiMasterState
 .bss._acDownBuffer
                0x0000000020000024        0x4 CMakeFiles/Warp.dir/Users/admin/GitHub_Repo/Warp-firmware/build/ksdk1.1/work/demos/Warp/src/SEGGER_RTT.c.obj
 .bss._acUpBuffer
                0x0000000020000028       0xc8 CMakeFiles/Warp.dir/Users/admin/GitHub_Repo/Warp-firmware/build/ksdk1.1/work/demos/Warp/src/SEGGER_RTT.c.obj
 .bss._SEGGER_RTT
                0x00000000200000f0       0x78 CMakeFiles/Warp.dir/Users/admin/GitHub_Repo/Warp-firmware/build/ksdk1.1/work/demos/Warp/src/SEGGER_RTT.c.obj
                0x00000000200000f0                _SEGGER_RTT
 .bss.inBuffer  0x0000000020000168       0x20 CMakeFiles/Warp.dir/Users/admin/GitHub_Repo/Warp-firmware/build/ksdk1.1/work/demos/Warp/src/devMAX11300.c.obj
 .bss.payloadBytes
                0x0000000020000188       0x20 CMakeFiles/Warp.dir/Users/admin/GitHub_Repo/Warp-firmware/build/ksdk1.1/work/demos/Warp/src/devMAX11300.c.obj
 .bss.g_taskListHead
                0x00000000200001a8       0x10 ../../../../lib/ksdk_platform_lib/armgcc/KL03Z4/release/libksdk_platform.a(fsl_os_abstraction_bm.c.obj)
 .bss.g_freeTaskControlBlock
                0x00000000200001b8        0x4 ../../../../lib/ksdk_platform_lib/armgcc/KL03Z4/release/libksdk_platform.a(fsl_os_abstraction_bm.c.obj)
 .bss.g_taskControlBlockPool
                0x00000000200001bc       0x50 ../../../../lib/ksdk_platform_lib/armgcc/KL03Z4/release/libksdk_platform.a(fsl_os_abstraction_bm.c.obj)
 .bss.g_clockState
                0x000000002000020c       0x10 ../../../../lib/ksdk_platform_lib/armgcc/KL03Z4/release/libksdk_platform.a(fsl_clock_manager.c.obj)
 .bss.g_interruptDisableCount
                0x000000002000021c        0x4 ../../../../lib/ksdk_platform_lib/armgcc/KL03Z4/release/libksdk_platform.a(fsl_interrupt_manager.c.obj)
                0x000000002000021c                g_interruptDisableCount
 .bss.gPowerManagerState
                0x0000000020000220       0x10 ../../../../lib/ksdk_platform_lib/armgcc/KL03Z4/release/libksdk_platform.a(fsl_power_manager.c.obj)
 .bss.g_i2cStatePtr
                0x0000000020000230        0x4 ../../../../lib/ksdk_platform_lib/armgcc/KL03Z4/release/libksdk_platform.a(fsl_i2c_common.c.obj)
                0x0000000020000230                g_i2cStatePtr
 .bss.g_xtal0ClkFreq
                0x0000000020000234        0x4 ../../../../lib/ksdk_platform_lib/armgcc/KL03Z4/release/libksdk_platform.a(fsl_mcglite_hal.c.obj)
                0x0000000020000234                g_xtal0ClkFreq
 .bss.g_xtalRtcClkFreq
                0x0000000020000238        0x4 ../../../../lib/ksdk_platform_lib/armgcc/KL03Z4/release/libksdk_platform.a(fsl_mcglite_hal.c.obj)
                0x0000000020000238                g_xtalRtcClkFreq
 .bss.g_spiStatePtr
                0x000000002000023c        0x4 ../../../../lib/ksdk_platform_lib/armgcc/KL03Z4/release/libksdk_platform.a(fsl_spi_shared_function.c.obj)
                0x000000002000023c                g_spiStatePtr
 *(COMMON)
                0x0000000020000240                . = ALIGN (0x4)
                0x0000000020000240                __bss_end__ = .
                0x0000000020000240                __END_BSS = .

.heap           0x0000000020000240        0x0
                0x0000000020000240                . = ALIGN (0x8)
                0x0000000020000240                __end__ = .
                0x0000000020000240                PROVIDE (end, .)
                0x0000000020000240                __HeapBase = .
                0x0000000020000240                . = (. + HEAP_SIZE)
                0x0000000020000240                __HeapLimit = .

.stack          0x0000000020000240      0x300 load address 0x000000000000724c
                0x0000000020000240                . = ALIGN (0x8)
                0x0000000020000540                . = (. + STACK_SIZE)
 *fill*         0x0000000020000240      0x300 
                0x0000000020000600                __StackTop = (ORIGIN (m_data) + 0x800)
                0x0000000020000300                __StackLimit = (__StackTop - STACK_SIZE)
                0x0000000020000600                PROVIDE (__stack, __StackTop)

.ARM.attributes
                0x0000000000000000       0x28
 *(.ARM.attributes)
 .ARM.attributes
                0x0000000000000000       0x1e /Users/admin/bare-metal-arm/gcc-arm-none-eabi-4_8-2014q1/bin/../lib/gcc/arm-none-eabi/4.8.3/armv6-m/crti.o
 .ARM.attributes
                0x000000000000001e       0x2c /Users/admin/bare-metal-arm/gcc-arm-none-eabi-4_8-2014q1/bin/../lib/gcc/arm-none-eabi/4.8.3/armv6-m/crtbegin.o
 .ARM.attributes
                0x000000000000004a       0x1b /Users/admin/bare-metal-arm/gcc-arm-none-eabi-4_8-2014q1/bin/../lib/gcc/arm-none-eabi/4.8.3/../../../../arm-none-eabi/lib/armv6-m/crt0.o
 .ARM.attributes
                0x0000000000000065       0x1b CMakeFiles/Warp.dir/Users/admin/GitHub_Repo/Warp-firmware/build/ksdk1.1/work/platform/startup/MKL03Z4/gcc/startup_MKL03Z4.S.obj
 .ARM.attributes
                0x0000000000000080       0x32 CMakeFiles/Warp.dir/Users/admin/GitHub_Repo/Warp-firmware/build/ksdk1.1/work/demos/Warp/src/warp-kl03-ksdk1.1-boot.c.obj
 .ARM.attributes
                0x00000000000000b2       0x32 CMakeFiles/Warp.dir/Users/admin/GitHub_Repo/Warp-firmware/build/ksdk1.1/work/demos/Warp/src/warp-kl03-ksdk1.1-powermodes.c.obj
 .ARM.attributes
                0x00000000000000e4       0x32 CMakeFiles/Warp.dir/Users/admin/GitHub_Repo/Warp-firmware/build/ksdk1.1/work/demos/Warp/src/SEGGER_RTT.c.obj
 .ARM.attributes
                0x0000000000000116       0x32 CMakeFiles/Warp.dir/Users/admin/GitHub_Repo/Warp-firmware/build/ksdk1.1/work/demos/Warp/src/SEGGER_RTT_printf.c.obj
 .ARM.attributes
                0x0000000000000148       0x32 CMakeFiles/Warp.dir/Users/admin/GitHub_Repo/Warp-firmware/build/ksdk1.1/work/platform/drivers/src/i2c/fsl_i2c_irq.c.obj
 .ARM.attributes
                0x000000000000017a       0x32 CMakeFiles/Warp.dir/Users/admin/GitHub_Repo/Warp-firmware/build/ksdk1.1/work/platform/drivers/src/spi/fsl_spi_irq.c.obj
 .ARM.attributes
                0x00000000000001ac       0x32 CMakeFiles/Warp.dir/Users/admin/GitHub_Repo/Warp-firmware/build/ksdk1.1/work/platform/startup/MKL03Z4/system_MKL03Z4.c.obj
 .ARM.attributes
                0x00000000000001de       0x32 CMakeFiles/Warp.dir/Users/admin/GitHub_Repo/Warp-firmware/build/ksdk1.1/work/platform/startup/startup.c.obj
 .ARM.attributes
                0x0000000000000210       0x32 CMakeFiles/Warp.dir/Users/admin/GitHub_Repo/Warp-firmware/build/ksdk1.1/work/boards/Warp/gpio_pins.c.obj
 .ARM.attributes
                0x0000000000000242       0x32 CMakeFiles/Warp.dir/Users/admin/GitHub_Repo/Warp-firmware/build/ksdk1.1/work/demos/Warp/src/devMAX11300.c.obj
 .ARM.attributes
                0x0000000000000274       0x32 ../../../../lib/ksdk_platform_lib/armgcc/KL03Z4/release/libksdk_platform.a(fsl_os_abstraction_bm.c.obj)
 .ARM.attributes
                0x00000000000002a6       0x32 ../../../../lib/ksdk_platform_lib/armgcc/KL03Z4/release/libksdk_platform.a(fsl_clock_manager.c.obj)
 .ARM.attributes
                0x00000000000002d8       0x32 ../../../../lib/ksdk_platform_lib/armgcc/KL03Z4/release/libksdk_platform.a(fsl_clock_MKL03Z4.c.obj)
 .ARM.attributes
                0x000000000000030a       0x32 ../../../../lib/ksdk_platform_lib/armgcc/KL03Z4/release/libksdk_platform.a(fsl_interrupt_manager.c.obj)
 .ARM.attributes
                0x000000000000033c       0x32 ../../../../lib/ksdk_platform_lib/armgcc/KL03Z4/release/libksdk_platform.a(fsl_power_manager.c.obj)
 .ARM.attributes
                0x000000000000036e       0x32 ../../../../lib/ksdk_platform_lib/armgcc/KL03Z4/release/libksdk_platform.a(fsl_gpio_driver.c.obj)
 .ARM.attributes
                0x00000000000003a0       0x32 ../../../../lib/ksdk_platform_lib/armgcc/KL03Z4/release/libksdk_platform.a(fsl_i2c_shared_function.c.obj)
 .ARM.attributes
                0x00000000000003d2       0x32 ../../../../lib/ksdk_platform_lib/armgcc/KL03Z4/release/libksdk_platform.a(fsl_i2c_common.c.obj)
 .ARM.attributes
                0x0000000000000404       0x32 ../../../../lib/ksdk_platform_lib/armgcc/KL03Z4/release/libksdk_platform.a(fsl_i2c_master_driver.c.obj)
 .ARM.attributes
                0x0000000000000436       0x32 ../../../../lib/ksdk_platform_lib/armgcc/KL03Z4/release/libksdk_platform.a(fsl_i2c_slave_driver.c.obj)
 .ARM.attributes
                0x0000000000000468       0x32 ../../../../lib/ksdk_platform_lib/armgcc/KL03Z4/release/libksdk_platform.a(fsl_mcglite_hal.c.obj)
 .ARM.attributes
                0x000000000000049a       0x32 ../../../../lib/ksdk_platform_lib/armgcc/KL03Z4/release/libksdk_platform.a(fsl_mcglite_hal_modes.c.obj)
 .ARM.attributes
                0x00000000000004cc       0x32 ../../../../lib/ksdk_platform_lib/armgcc/KL03Z4/release/libksdk_platform.a(fsl_osc_hal.c.obj)
 .ARM.attributes
                0x00000000000004fe       0x32 ../../../../lib/ksdk_platform_lib/armgcc/KL03Z4/release/libksdk_platform.a(fsl_rtc_hal.c.obj)
 .ARM.attributes
                0x0000000000000530       0x32 ../../../../lib/ksdk_platform_lib/armgcc/KL03Z4/release/libksdk_platform.a(fsl_rtc_driver.c.obj)
 .ARM.attributes
                0x0000000000000562       0x32 ../../../../lib/ksdk_platform_lib/armgcc/KL03Z4/release/libksdk_platform.a(fsl_rtc_common.c.obj)
 .ARM.attributes
                0x0000000000000594       0x32 ../../../../lib/ksdk_platform_lib/armgcc/KL03Z4/release/libksdk_platform.a(fsl_sim_hal_MKL03Z4.c.obj)
 .ARM.attributes
                0x00000000000005c6       0x32 ../../../../lib/ksdk_platform_lib/armgcc/KL03Z4/release/libksdk_platform.a(fsl_spi_shared_function.c.obj)
 .ARM.attributes
                0x00000000000005f8       0x32 ../../../../lib/ksdk_platform_lib/armgcc/KL03Z4/release/libksdk_platform.a(fsl_spi_master_driver.c.obj)
 .ARM.attributes
                0x000000000000062a       0x32 ../../../../lib/ksdk_platform_lib/armgcc/KL03Z4/release/libksdk_platform.a(fsl_spi_slave_driver.c.obj)
 .ARM.attributes
                0x000000000000065c       0x32 ../../../../lib/ksdk_platform_lib/armgcc/KL03Z4/release/libksdk_platform.a(fsl_spi_common.c.obj)
 .ARM.attributes
                0x000000000000068e       0x32 ../../../../lib/ksdk_platform_lib/armgcc/KL03Z4/release/libksdk_platform.a(fsl_smc_hal.c.obj)
 .ARM.attributes
                0x00000000000006c0       0x32 ../../../../lib/ksdk_platform_lib/armgcc/KL03Z4/release/libksdk_platform.a(fsl_clock_manager_common.c.obj)
 .ARM.attributes
                0x00000000000006f2       0x32 ../../../../lib/ksdk_platform_lib/armgcc/KL03Z4/release/libksdk_platform.a(fsl_gpio_hal.c.obj)
 .ARM.attributes
                0x0000000000000724       0x32 ../../../../lib/ksdk_platform_lib/armgcc/KL03Z4/release/libksdk_platform.a(fsl_gpio_common.c.obj)
 .ARM.attributes
                0x0000000000000756       0x32 ../../../../lib/ksdk_platform_lib/armgcc/KL03Z4/release/libksdk_platform.a(fsl_i2c_hal.c.obj)
 .ARM.attributes
                0x0000000000000788       0x32 ../../../../lib/ksdk_platform_lib/armgcc/KL03Z4/release/libksdk_platform.a(fsl_spi_hal.c.obj)
 .ARM.attributes
                0x00000000000007ba       0x2c /Users/admin/bare-metal-arm/gcc-arm-none-eabi-4_8-2014q1/bin/../lib/gcc/arm-none-eabi/4.8.3/../../../../arm-none-eabi/lib/armv6-m/libc_s.a(lib_a-exit.o)
 .ARM.attributes
                0x00000000000007e6       0x2c /Users/admin/bare-metal-arm/gcc-arm-none-eabi-4_8-2014q1/bin/../lib/gcc/arm-none-eabi/4.8.3/../../../../arm-none-eabi/lib/armv6-m/libc_s.a(lib_a-impure.o)
 .ARM.attributes
                0x0000000000000812       0x2c /Users/admin/bare-metal-arm/gcc-arm-none-eabi-4_8-2014q1/bin/../lib/gcc/arm-none-eabi/4.8.3/../../../../arm-none-eabi/lib/armv6-m/libc_s.a(lib_a-init.o)
 .ARM.attributes
                0x000000000000083e       0x2c /Users/admin/bare-metal-arm/gcc-arm-none-eabi-4_8-2014q1/bin/../lib/gcc/arm-none-eabi/4.8.3/../../../../arm-none-eabi/lib/armv6-m/libc_s.a(lib_a-memcpy-stub.o)
 .ARM.attributes
                0x000000000000086a       0x2c /Users/admin/bare-metal-arm/gcc-arm-none-eabi-4_8-2014q1/bin/../lib/gcc/arm-none-eabi/4.8.3/../../../../arm-none-eabi/lib/armv6-m/libc_s.a(lib_a-memset.o)
 .ARM.attributes
                0x0000000000000896       0x2c /Users/admin/bare-metal-arm/gcc-arm-none-eabi-4_8-2014q1/bin/../lib/gcc/arm-none-eabi/4.8.3/../../../../arm-none-eabi/lib/armv6-m/libc_s.a(lib_a-strcpy.o)
 .ARM.attributes
                0x00000000000008c2       0x2c /Users/admin/bare-metal-arm/gcc-arm-none-eabi-4_8-2014q1/bin/../lib/gcc/arm-none-eabi/4.8.3/../../../../arm-none-eabi/lib/armv6-m/libc_s.a(lib_a-strlen.o)
 .ARM.attributes
                0x00000000000008ee       0x1e /Users/admin/bare-metal-arm/gcc-arm-none-eabi-4_8-2014q1/bin/../lib/gcc/arm-none-eabi/4.8.3/armv6-m/libgcc.a(_thumb1_case_uqi.o)
 .ARM.attributes
                0x000000000000090c       0x1e /Users/admin/bare-metal-arm/gcc-arm-none-eabi-4_8-2014q1/bin/../lib/gcc/arm-none-eabi/4.8.3/armv6-m/libgcc.a(_udivsi3.o)
 .ARM.attributes
                0x000000000000092a       0x1e /Users/admin/bare-metal-arm/gcc-arm-none-eabi-4_8-2014q1/bin/../lib/gcc/arm-none-eabi/4.8.3/armv6-m/libgcc.a(_divsi3.o)
 .ARM.attributes
                0x0000000000000948       0x1e /Users/admin/bare-metal-arm/gcc-arm-none-eabi-4_8-2014q1/bin/../lib/gcc/arm-none-eabi/4.8.3/armv6-m/libgcc.a(_dvmd_tls.o)
 .ARM.attributes
                0x0000000000000966       0x2c /Users/admin/bare-metal-arm/gcc-arm-none-eabi-4_8-2014q1/bin/../lib/gcc/arm-none-eabi/4.8.3/armv6-m/libgcc.a(divsf3.o)
 .ARM.attributes
                0x0000000000000992       0x2c /Users/admin/bare-metal-arm/gcc-arm-none-eabi-4_8-2014q1/bin/../lib/gcc/arm-none-eabi/4.8.3/armv6-m/libgcc.a(mulsf3.o)
 .ARM.attributes
                0x00000000000009be       0x2c /Users/admin/bare-metal-arm/gcc-arm-none-eabi-4_8-2014q1/bin/../lib/gcc/arm-none-eabi/4.8.3/armv6-m/libgcc.a(fixsfsi.o)
 .ARM.attributes
                0x00000000000009ea       0x2c /Users/admin/bare-metal-arm/gcc-arm-none-eabi-4_8-2014q1/bin/../lib/gcc/arm-none-eabi/4.8.3/armv6-m/libgcc.a(floatsisf.o)
 .ARM.attributes
                0x0000000000000a16       0x1e /Users/admin/bare-metal-arm/gcc-arm-none-eabi-4_8-2014q1/bin/../lib/gcc/arm-none-eabi/4.8.3/armv6-m/libgcc.a(_clzsi2.o)
 .ARM.attributes
                0x0000000000000a34       0x2c /Users/admin/bare-metal-arm/gcc-arm-none-eabi-4_8-2014q1/bin/../lib/gcc/arm-none-eabi/4.8.3/../../../../arm-none-eabi/lib/armv6-m/libnosys.a(_exit.o)
 .ARM.attributes
                0x0000000000000a60       0x2c /Users/admin/bare-metal-arm/gcc-arm-none-eabi-4_8-2014q1/bin/../lib/gcc/arm-none-eabi/4.8.3/armv6-m/crtend.o
 .ARM.attributes
                0x0000000000000a8c       0x1e /Users/admin/bare-metal-arm/gcc-arm-none-eabi-4_8-2014q1/bin/../lib/gcc/arm-none-eabi/4.8.3/armv6-m/crtn.o
                0x0000000000000001                ASSERT ((__StackLimit >= __HeapLimit), region m_data overflowed with stack and heap)
OUTPUT(release/Warp.elf elf32-littlearm)

.comment        0x0000000000000000       0x70
 .comment       0x0000000000000000       0x70 CMakeFiles/Warp.dir/Users/admin/GitHub_Repo/Warp-firmware/build/ksdk1.1/work/demos/Warp/src/warp-kl03-ksdk1.1-boot.c.obj
                                         0x71 (size before relaxing)
 .comment       0x0000000000000000       0x71 CMakeFiles/Warp.dir/Users/admin/GitHub_Repo/Warp-firmware/build/ksdk1.1/work/demos/Warp/src/warp-kl03-ksdk1.1-powermodes.c.obj
 .comment       0x0000000000000000       0x71 CMakeFiles/Warp.dir/Users/admin/GitHub_Repo/Warp-firmware/build/ksdk1.1/work/demos/Warp/src/SEGGER_RTT.c.obj
 .comment       0x0000000000000000       0x71 CMakeFiles/Warp.dir/Users/admin/GitHub_Repo/Warp-firmware/build/ksdk1.1/work/demos/Warp/src/SEGGER_RTT_printf.c.obj
 .comment       0x0000000000000000       0x71 CMakeFiles/Warp.dir/Users/admin/GitHub_Repo/Warp-firmware/build/ksdk1.1/work/platform/drivers/src/i2c/fsl_i2c_irq.c.obj
 .comment       0x0000000000000000       0x71 CMakeFiles/Warp.dir/Users/admin/GitHub_Repo/Warp-firmware/build/ksdk1.1/work/platform/drivers/src/spi/fsl_spi_irq.c.obj
 .comment       0x0000000000000000       0x71 CMakeFiles/Warp.dir/Users/admin/GitHub_Repo/Warp-firmware/build/ksdk1.1/work/platform/startup/MKL03Z4/system_MKL03Z4.c.obj
 .comment       0x0000000000000000       0x71 CMakeFiles/Warp.dir/Users/admin/GitHub_Repo/Warp-firmware/build/ksdk1.1/work/platform/startup/startup.c.obj
 .comment       0x0000000000000000       0x71 CMakeFiles/Warp.dir/Users/admin/GitHub_Repo/Warp-firmware/build/ksdk1.1/work/boards/Warp/gpio_pins.c.obj
 .comment       0x0000000000000000       0x71 CMakeFiles/Warp.dir/Users/admin/GitHub_Repo/Warp-firmware/build/ksdk1.1/work/demos/Warp/src/devMAX11300.c.obj
 .comment       0x0000000000000000       0x71 ../../../../lib/ksdk_platform_lib/armgcc/KL03Z4/release/libksdk_platform.a(fsl_os_abstraction_bm.c.obj)
 .comment       0x0000000000000000       0x71 ../../../../lib/ksdk_platform_lib/armgcc/KL03Z4/release/libksdk_platform.a(fsl_clock_manager.c.obj)
 .comment       0x0000000000000000       0x71 ../../../../lib/ksdk_platform_lib/armgcc/KL03Z4/release/libksdk_platform.a(fsl_clock_MKL03Z4.c.obj)
 .comment       0x0000000000000000       0x71 ../../../../lib/ksdk_platform_lib/armgcc/KL03Z4/release/libksdk_platform.a(fsl_interrupt_manager.c.obj)
 .comment       0x0000000000000000       0x71 ../../../../lib/ksdk_platform_lib/armgcc/KL03Z4/release/libksdk_platform.a(fsl_power_manager.c.obj)
 .comment       0x0000000000000000       0x71 ../../../../lib/ksdk_platform_lib/armgcc/KL03Z4/release/libksdk_platform.a(fsl_gpio_driver.c.obj)
 .comment       0x0000000000000000       0x71 ../../../../lib/ksdk_platform_lib/armgcc/KL03Z4/release/libksdk_platform.a(fsl_i2c_shared_function.c.obj)
 .comment       0x0000000000000000       0x71 ../../../../lib/ksdk_platform_lib/armgcc/KL03Z4/release/libksdk_platform.a(fsl_i2c_common.c.obj)
 .comment       0x0000000000000000       0x71 ../../../../lib/ksdk_platform_lib/armgcc/KL03Z4/release/libksdk_platform.a(fsl_i2c_master_driver.c.obj)
 .comment       0x0000000000000000       0x71 ../../../../lib/ksdk_platform_lib/armgcc/KL03Z4/release/libksdk_platform.a(fsl_i2c_slave_driver.c.obj)
 .comment       0x0000000000000000       0x71 ../../../../lib/ksdk_platform_lib/armgcc/KL03Z4/release/libksdk_platform.a(fsl_mcglite_hal.c.obj)
 .comment       0x0000000000000000       0x71 ../../../../lib/ksdk_platform_lib/armgcc/KL03Z4/release/libksdk_platform.a(fsl_mcglite_hal_modes.c.obj)
 .comment       0x0000000000000000       0x71 ../../../../lib/ksdk_platform_lib/armgcc/KL03Z4/release/libksdk_platform.a(fsl_osc_hal.c.obj)
 .comment       0x0000000000000000       0x71 ../../../../lib/ksdk_platform_lib/armgcc/KL03Z4/release/libksdk_platform.a(fsl_rtc_hal.c.obj)
 .comment       0x0000000000000000       0x71 ../../../../lib/ksdk_platform_lib/armgcc/KL03Z4/release/libksdk_platform.a(fsl_rtc_driver.c.obj)
 .comment       0x0000000000000000       0x71 ../../../../lib/ksdk_platform_lib/armgcc/KL03Z4/release/libksdk_platform.a(fsl_rtc_common.c.obj)
 .comment       0x0000000000000000       0x71 ../../../../lib/ksdk_platform_lib/armgcc/KL03Z4/release/libksdk_platform.a(fsl_sim_hal_MKL03Z4.c.obj)
 .comment       0x0000000000000000       0x71 ../../../../lib/ksdk_platform_lib/armgcc/KL03Z4/release/libksdk_platform.a(fsl_spi_shared_function.c.obj)
 .comment       0x0000000000000000       0x71 ../../../../lib/ksdk_platform_lib/armgcc/KL03Z4/release/libksdk_platform.a(fsl_spi_master_driver.c.obj)
 .comment       0x0000000000000000       0x71 ../../../../lib/ksdk_platform_lib/armgcc/KL03Z4/release/libksdk_platform.a(fsl_spi_slave_driver.c.obj)
 .comment       0x0000000000000000       0x71 ../../../../lib/ksdk_platform_lib/armgcc/KL03Z4/release/libksdk_platform.a(fsl_spi_common.c.obj)
 .comment       0x0000000000000000       0x71 ../../../../lib/ksdk_platform_lib/armgcc/KL03Z4/release/libksdk_platform.a(fsl_smc_hal.c.obj)
 .comment       0x0000000000000000       0x71 ../../../../lib/ksdk_platform_lib/armgcc/KL03Z4/release/libksdk_platform.a(fsl_clock_manager_common.c.obj)
 .comment       0x0000000000000000       0x71 ../../../../lib/ksdk_platform_lib/armgcc/KL03Z4/release/libksdk_platform.a(fsl_gpio_hal.c.obj)
 .comment       0x0000000000000000       0x71 ../../../../lib/ksdk_platform_lib/armgcc/KL03Z4/release/libksdk_platform.a(fsl_gpio_common.c.obj)
 .comment       0x0000000000000000       0x71 ../../../../lib/ksdk_platform_lib/armgcc/KL03Z4/release/libksdk_platform.a(fsl_i2c_hal.c.obj)
 .comment       0x0000000000000000       0x71 ../../../../lib/ksdk_platform_lib/armgcc/KL03Z4/release/libksdk_platform.a(fsl_spi_hal.c.obj)

.debug_frame    0x0000000000000000      0x200
 .debug_frame   0x0000000000000000       0x28 /Users/admin/bare-metal-arm/gcc-arm-none-eabi-4_8-2014q1/bin/../lib/gcc/arm-none-eabi/4.8.3/../../../../arm-none-eabi/lib/armv6-m/libc_s.a(lib_a-exit.o)
 .debug_frame   0x0000000000000028       0x2c /Users/admin/bare-metal-arm/gcc-arm-none-eabi-4_8-2014q1/bin/../lib/gcc/arm-none-eabi/4.8.3/../../../../arm-none-eabi/lib/armv6-m/libc_s.a(lib_a-init.o)
 .debug_frame   0x0000000000000054       0x28 /Users/admin/bare-metal-arm/gcc-arm-none-eabi-4_8-2014q1/bin/../lib/gcc/arm-none-eabi/4.8.3/../../../../arm-none-eabi/lib/armv6-m/libc_s.a(lib_a-memcpy-stub.o)
 .debug_frame   0x000000000000007c       0x20 /Users/admin/bare-metal-arm/gcc-arm-none-eabi-4_8-2014q1/bin/../lib/gcc/arm-none-eabi/4.8.3/../../../../arm-none-eabi/lib/armv6-m/libc_s.a(lib_a-memset.o)
 .debug_frame   0x000000000000009c       0x20 /Users/admin/bare-metal-arm/gcc-arm-none-eabi-4_8-2014q1/bin/../lib/gcc/arm-none-eabi/4.8.3/../../../../arm-none-eabi/lib/armv6-m/libc_s.a(lib_a-strcpy.o)
 .debug_frame   0x00000000000000bc       0x20 /Users/admin/bare-metal-arm/gcc-arm-none-eabi-4_8-2014q1/bin/../lib/gcc/arm-none-eabi/4.8.3/../../../../arm-none-eabi/lib/armv6-m/libc_s.a(lib_a-strlen.o)
 .debug_frame   0x00000000000000dc       0x20 /Users/admin/bare-metal-arm/gcc-arm-none-eabi-4_8-2014q1/bin/../lib/gcc/arm-none-eabi/4.8.3/armv6-m/libgcc.a(_udivsi3.o)
 .debug_frame   0x00000000000000fc       0x20 /Users/admin/bare-metal-arm/gcc-arm-none-eabi-4_8-2014q1/bin/../lib/gcc/arm-none-eabi/4.8.3/armv6-m/libgcc.a(_divsi3.o)
 .debug_frame   0x000000000000011c       0x3c /Users/admin/bare-metal-arm/gcc-arm-none-eabi-4_8-2014q1/bin/../lib/gcc/arm-none-eabi/4.8.3/armv6-m/libgcc.a(divsf3.o)
 .debug_frame   0x0000000000000158       0x3c /Users/admin/bare-metal-arm/gcc-arm-none-eabi-4_8-2014q1/bin/../lib/gcc/arm-none-eabi/4.8.3/armv6-m/libgcc.a(mulsf3.o)
 .debug_frame   0x0000000000000194       0x20 /Users/admin/bare-metal-arm/gcc-arm-none-eabi-4_8-2014q1/bin/../lib/gcc/arm-none-eabi/4.8.3/armv6-m/libgcc.a(fixsfsi.o)
 .debug_frame   0x00000000000001b4       0x2c /Users/admin/bare-metal-arm/gcc-arm-none-eabi-4_8-2014q1/bin/../lib/gcc/arm-none-eabi/4.8.3/armv6-m/libgcc.a(floatsisf.o)
 .debug_frame   0x00000000000001e0       0x20 /Users/admin/bare-metal-arm/gcc-arm-none-eabi-4_8-2014q1/bin/../lib/gcc/arm-none-eabi/4.8.3/../../../../arm-none-eabi/lib/armv6-m/libnosys.a(_exit.o)